../Core/Src/hl/hal_pwm.c:43:17:PWM_Calculate_Pulse	16	static
../Core/Src/hl/hal_pwm.c:57:26:PWM_Configure_Timer	64	static
../Core/Src/hl/hal_pwm.c:137:19:HAL_PWM_Init	16	static
../Core/Src/hl/hal_pwm.c:155:19:HAL_PWM_Start	8	static
../Core/Src/hl/hal_pwm.c:177:19:HAL_PWM_Stop	8	static
../Core/Src/hl/hal_pwm.c:200:19:HAL_PWM_SetDutyCycle	24	static
../Core/Src/hl/hal_pwm.c:226:19:HAL_PWM_SetFrequency	16	static
../Core/Src/hl/hal_pwm.c:243:9:HAL_PWM_GetDutyCycle	4	static
../Core/Src/hl/hal_pwm.c:252:10:HAL_PWM_GetFrequency	4	static
../Core/Src/hl/hal_pwm.c:261:6:HAL_PWM_IsRunning	4	static
