Archive member included to satisfy reference by file (symbol)

C:/ST/STM32CubeIDE_1.19.0/STM32CubeIDE/plugins/com.st.stm32cube.ide.mcu.externaltools.gnu-tools-for-stm32.13.3.rel1.win32_1.0.100.202509120712/tools/bin/../lib/gcc/arm-none-eabi/13.3.1/../../../../arm-none-eabi/lib/thumb/v7e-m+fp/hard\libc_nano.a(libc_a-exit.o)
                              C:/ST/STM32CubeIDE_1.19.0/STM32CubeIDE/plugins/com.st.stm32cube.ide.mcu.externaltools.gnu-tools-for-stm32.13.3.rel1.win32_1.0.100.202509120712/tools/bin/../lib/gcc/arm-none-eabi/13.3.1/../../../../arm-none-eabi/lib/thumb/v7e-m+fp/hard/crt0.o (exit)
C:/ST/STM32CubeIDE_1.19.0/STM32CubeIDE/plugins/com.st.stm32cube.ide.mcu.externaltools.gnu-tools-for-stm32.13.3.rel1.win32_1.0.100.202509120712/tools/bin/../lib/gcc/arm-none-eabi/13.3.1/../../../../arm-none-eabi/lib/thumb/v7e-m+fp/hard\libc_nano.a(libc_a-strtod.o)
                              ./Core/Src/bt_manager.o (strtof)
C:/ST/STM32CubeIDE_1.19.0/STM32CubeIDE/plugins/com.st.stm32cube.ide.mcu.externaltools.gnu-tools-for-stm32.13.3.rel1.win32_1.0.100.202509120712/tools/bin/../lib/gcc/arm-none-eabi/13.3.1/../../../../arm-none-eabi/lib/thumb/v7e-m+fp/hard\libc_nano.a(libc_a-findfp.o)
                              C:/ST/STM32CubeIDE_1.19.0/STM32CubeIDE/plugins/com.st.stm32cube.ide.mcu.externaltools.gnu-tools-for-stm32.13.3.rel1.win32_1.0.100.202509120712/tools/bin/../lib/gcc/arm-none-eabi/13.3.1/../../../../arm-none-eabi/lib/thumb/v7e-m+fp/hard\libc_nano.a(libc_a-exit.o) (__stdio_exit_handler)
C:/ST/STM32CubeIDE_1.19.0/STM32CubeIDE/plugins/com.st.stm32cube.ide.mcu.externaltools.gnu-tools-for-stm32.13.3.rel1.win32_1.0.100.202509120712/tools/bin/../lib/gcc/arm-none-eabi/13.3.1/../../../../arm-none-eabi/lib/thumb/v7e-m+fp/hard\libc_nano.a(libc_a-fwalk.o)
                              C:/ST/STM32CubeIDE_1.19.0/STM32CubeIDE/plugins/com.st.stm32cube.ide.mcu.externaltools.gnu-tools-for-stm32.13.3.rel1.win32_1.0.100.202509120712/tools/bin/../lib/gcc/arm-none-eabi/13.3.1/../../../../arm-none-eabi/lib/thumb/v7e-m+fp/hard\libc_nano.a(libc_a-findfp.o) (_fwalk_sglue)
C:/ST/STM32CubeIDE_1.19.0/STM32CubeIDE/plugins/com.st.stm32cube.ide.mcu.externaltools.gnu-tools-for-stm32.13.3.rel1.win32_1.0.100.202509120712/tools/bin/../lib/gcc/arm-none-eabi/13.3.1/../../../../arm-none-eabi/lib/thumb/v7e-m+fp/hard\libc_nano.a(libc_a-snprintf.o)
                              ./Core/Src/bsp_lcd.o (snprintf)
C:/ST/STM32CubeIDE_1.19.0/STM32CubeIDE/plugins/com.st.stm32cube.ide.mcu.externaltools.gnu-tools-for-stm32.13.3.rel1.win32_1.0.100.202509120712/tools/bin/../lib/gcc/arm-none-eabi/13.3.1/../../../../arm-none-eabi/lib/thumb/v7e-m+fp/hard\libc_nano.a(libc_a-stdio.o)
                              C:/ST/STM32CubeIDE_1.19.0/STM32CubeIDE/plugins/com.st.stm32cube.ide.mcu.externaltools.gnu-tools-for-stm32.13.3.rel1.win32_1.0.100.202509120712/tools/bin/../lib/gcc/arm-none-eabi/13.3.1/../../../../arm-none-eabi/lib/thumb/v7e-m+fp/hard\libc_nano.a(libc_a-findfp.o) (__sread)
C:/ST/STM32CubeIDE_1.19.0/STM32CubeIDE/plugins/com.st.stm32cube.ide.mcu.externaltools.gnu-tools-for-stm32.13.3.rel1.win32_1.0.100.202509120712/tools/bin/../lib/gcc/arm-none-eabi/13.3.1/../../../../arm-none-eabi/lib/thumb/v7e-m+fp/hard\libc_nano.a(libc_a-memset.o)
                              C:/ST/STM32CubeIDE_1.19.0/STM32CubeIDE/plugins/com.st.stm32cube.ide.mcu.externaltools.gnu-tools-for-stm32.13.3.rel1.win32_1.0.100.202509120712/tools/bin/../lib/gcc/arm-none-eabi/13.3.1/../../../../arm-none-eabi/lib/thumb/v7e-m+fp/hard/crt0.o (memset)
C:/ST/STM32CubeIDE_1.19.0/STM32CubeIDE/plugins/com.st.stm32cube.ide.mcu.externaltools.gnu-tools-for-stm32.13.3.rel1.win32_1.0.100.202509120712/tools/bin/../lib/gcc/arm-none-eabi/13.3.1/../../../../arm-none-eabi/lib/thumb/v7e-m+fp/hard\libc_nano.a(libc_a-strncmp.o)
                              ./Core/Src/bt_manager.o (strncmp)
C:/ST/STM32CubeIDE_1.19.0/STM32CubeIDE/plugins/com.st.stm32cube.ide.mcu.externaltools.gnu-tools-for-stm32.13.3.rel1.win32_1.0.100.202509120712/tools/bin/../lib/gcc/arm-none-eabi/13.3.1/../../../../arm-none-eabi/lib/thumb/v7e-m+fp/hard\libc_nano.a(libc_a-strncpy.o)
                              ./Core/Src/bsp_lcd.o (strncpy)
C:/ST/STM32CubeIDE_1.19.0/STM32CubeIDE/plugins/com.st.stm32cube.ide.mcu.externaltools.gnu-tools-for-stm32.13.3.rel1.win32_1.0.100.202509120712/tools/bin/../lib/gcc/arm-none-eabi/13.3.1/../../../../arm-none-eabi/lib/thumb/v7e-m+fp/hard\libc_nano.a(libc_a-locale.o)
                              C:/ST/STM32CubeIDE_1.19.0/STM32CubeIDE/plugins/com.st.stm32cube.ide.mcu.externaltools.gnu-tools-for-stm32.13.3.rel1.win32_1.0.100.202509120712/tools/bin/../lib/gcc/arm-none-eabi/13.3.1/../../../../arm-none-eabi/lib/thumb/v7e-m+fp/hard\libc_nano.a(libc_a-strtod.o) (__global_locale)
[...]
Memory Configuration

Name             Origin             Length             Attributes
RAM              0x20000000         0x00018000         xrw
RAM2             0x10000000         0x00008000         xrw
FLASH            0x08000000         0x00100000         xr
*default*        0x00000000         0xffffffff

Linker script and memory map

LOAD C:/ST/STM32CubeIDE_1.19.0/STM32CubeIDE/plugins/com.st.stm32cube.ide.mcu.externaltools.gnu-tools-for-stm32.13.3.rel1.win32_1.0.100.202509120712/tools/bin/../lib/gcc/arm-none-eabi/13.3.1/thumb/v7e-m+fp/hard/crti.o
LOAD C:/ST/STM32CubeIDE_1.19.0/STM32CubeIDE/plugins/com.st.stm32cube.ide.mcu.externaltools.gnu-tools-for-stm32.13.3.rel1.win32_1.0.100.202509120712/tools/bin/../lib/gcc/arm-none-eabi/13.3.1/thumb/v7e-m+fp/hard/crtbegin.o
LOAD C:/ST/STM32CubeIDE_1.19.0/STM32CubeIDE/plugins/com.st.stm32cube.ide.mcu.externaltools.gnu-tools-for-stm32.13.3.rel1.win32_1.0.100.202509120712/tools/bin/../lib/gcc/arm-none-eabi/13.3.1/../../../../arm-none-eabi/lib/thumb/v7e-m+fp/hard/crt0.o
LOAD ./Core/Src/bsp_lcd.o
LOAD ./Core/Src/bsp_rf.o
LOAD ./Core/Src/bsp_ui.o
LOAD ./Core/Src/bt_manager.o
LOAD ./Core/Src/debug_log.o
LOAD ./Core/Src/fsm_main.o
LOAD ./Core/Src/main.o
LOAD ./Core/Src/math_model.o
LOAD ./Core/Src/rf_measure.o
LOAD ./Core/Src/rf_trace.o
LOAD ./Core/Src/stm32l4xx_hal_msp.o
LOAD ./Core/Src/stm32l4xx_it.o
LOAD ./Core/Src/syscalls.o
LOAD ./Core/Src/sysmem.o
LOAD ./Core/Src/system_stm32l4xx.o
LOAD ./Core/Src/usb_cdc_bridge.o
LOAD ./Core/Src/hl/hal_adc.o
LOAD ./Core/Src/hl/hal_dac.o
LOAD ./Core/Src/hl/hal_pwm.o
LOAD ./Core/Src/mocks/mock_board.o
LOAD ./Core/Src/test/test_hal_dac.o
LOAD ./Core/Startup/startup_stm32l476rgtx.o
LOAD ./Drivers/STM32L4xx_HAL_Driver/Src/stm32l4xx_hal.o
LOAD ./Drivers/STM32L4xx_HAL_Driver/Src/stm32l4xx_hal_adc.o
LOAD ./Drivers/STM32L4xx_HAL_Driver/Src/stm32l4xx_hal_adc_ex.o
LOAD ./Drivers/STM32L4xx_HAL_Driver/Src/stm32l4xx_hal_cortex.o
LOAD ./Drivers/STM32L4xx_HAL_Driver/Src/stm32l4xx_hal_dac.o
LOAD ./Drivers/STM32L4xx_HAL_Driver/Src/stm32l4xx_hal_dac_ex.o
LOAD ./Drivers/STM32L4xx_HAL_Driver/Src/stm32l4xx_hal_dma.o
LOAD ./Drivers/STM32L4xx_HAL_Driver/Src/stm32l4xx_hal_dma_ex.o
LOAD ./Drivers/STM32L4xx_HAL_Driver/Src/stm32l4xx_hal_exti.o
LOAD ./Drivers/STM32L4xx_HAL_Driver/Src/stm32l4xx_hal_flash.o
LOAD ./Drivers/STM32L4xx_HAL_Driver/Src/stm32l4xx_hal_flash_ex.o
LOAD ./Drivers/STM32L4xx_HAL_Driver/Src/stm32l4xx_hal_flash_ramfunc.o
LOAD ./Drivers/STM32L4xx_HAL_Driver/Src/stm32l4xx_hal_gpio.o
LOAD ./Drivers/STM32L4xx_HAL_Driver/Src/stm32l4xx_hal_i2c.o
LOAD ./Drivers/STM32L4xx_HAL_Driver/Src/stm32l4xx_hal_i2c_ex.o
LOAD ./Drivers/STM32L4xx_HAL_Driver/Src/stm32l4xx_hal_iwdg.o
LOAD ./Drivers/STM32L4xx_HAL_Driver/Src/stm32l4xx_hal_pwr.o
LOAD ./Drivers/STM32L4xx_HAL_Driver/Src/stm32l4xx_hal_pwr_ex.o
LOAD ./Drivers/STM32L4xx_HAL_Driver/Src/stm32l4xx_hal_rcc.o
LOAD ./Drivers/STM32L4xx_HAL_Driver/Src/stm32l4xx_hal_rcc_ex.o
LOAD ./Drivers/STM32L4xx_HAL_Driver/Src/stm32l4xx_hal_tim.o
LOAD ./Drivers/STM32L4xx_HAL_Driver/Src/stm32l4xx_hal_tim_ex.o
LOAD ./Drivers/STM32L4xx_HAL_Driver/Src/stm32l4xx_hal_uart.o
LOAD ./Drivers/STM32L4xx_HAL_Driver/Src/stm32l4xx_hal_uart_ex.o
START GROUP
LOAD C:/ST/STM32CubeIDE_1.19.0/STM32CubeIDE/plugins/com.st.stm32cube.ide.mcu.externaltools.gnu-tools-for-stm32.13.3.rel1.win32_1.0.100.202509120712/tools/bin/../lib/gcc/arm-none-eabi/13.3.1/../../../../arm-none-eabi/lib/thumb/v7e-m+fp/hard\libc_nano.a
LOAD C:/ST/STM32CubeIDE_1.19.0/STM32CubeIDE/plugins/com.st.stm32cube.ide.mcu.externaltools.gnu-tools-for-stm32.13.3.rel1.win32_1.0.100.202509120712/tools/bin/../lib/gcc/arm-none-eabi/13.3.1/../../../../arm-none-eabi/lib/thumb/v7e-m+fp/hard\libm.a
END GROUP
START GROUP
LOAD C:/ST/STM32CubeIDE_1.19.0/STM32CubeIDE/plugins/com.st.stm32cube.ide.mcu.externaltools.gnu-tools-for-stm32.13.3.rel1.win32_1.0.100.202509120712/tools/bin/../lib/gcc/arm-none-eabi/13.3.1/thumb/v7e-m+fp/hard\libgcc.a
LOAD C:/ST/STM32CubeIDE_1.19.0/STM32CubeIDE/plugins/com.st.stm32cube.ide.mcu.externaltools.gnu-tools-for-stm32.13.3.rel1.win32_1.0.100.202509120712/tools/bin/../lib/gcc/arm-none-eabi/13.3.1/../../../../arm-none-eabi/lib/thumb/v7e-m+fp/hard\libc_nano.a
END GROUP
START GROUP
LOAD C:/ST/STM32CubeIDE_1.19.0/STM32CubeIDE/plugins/com.st.stm32cube.ide.mcu.externaltools.gnu-tools-for-stm32.13.3.rel1.win32_1.0.100.202509120712/tools/bin/../lib/gcc/arm-none-eabi/13.3.1/thumb/v7e-m+fp/hard\libgcc.a
LOAD C:/ST/STM32CubeIDE_1.19.0/STM32CubeIDE/plugins/com.st.stm32cube.ide.mcu.externaltools.gnu-tools-for-stm32.13.3.rel1.win32_1.0.100.202509120712/tools/bin/../lib/gcc/arm-none-eabi/13.3.1/../../../../arm-none-eabi/lib/thumb/v7e-m+fp/hard\libc_nano.a
LOAD C:/ST/STM32CubeIDE_1.19.0/STM32CubeIDE/plugins/com.st.stm32cube.ide.mcu.externaltools.gnu-tools-for-stm32.13.3.rel1.win32_1.0.100.202509120712/tools/bin/../lib/gcc/arm-none-eabi/13.3.1/../../../../arm-none-eabi/lib/thumb/v7e-m+fp/hard\libnosys.a
END GROUP
START GROUP
LOAD C:/ST/STM32CubeIDE_1.19.0/STM32CubeIDE/plugins/com.st.stm32cube.ide.mcu.externaltools.gnu-tools-for-stm32.13.3.rel1.win32_1.0.100.202509120712/tools/bin/../lib/gcc/arm-none-eabi/13.3.1/thumb/v7e-m+fp/hard\libgcc.a
LOAD C:/ST/STM32CubeIDE_1.19.0/STM32CubeIDE/plugins/com.st.stm32cube.ide.mcu.externaltools.gnu-tools-for-stm32.13.3.rel1.win32_1.0.100.202509120712/tools/bin/../lib/gcc/arm-none-eabi/13.3.1/../../../../arm-none-eabi/lib/thumb/v7e-m+fp/hard\libc_nano.a
LOAD C:/ST/STM32CubeIDE_1.19.0/STM32CubeIDE/plugins/com.st.stm32cube.ide.mcu.externaltools.gnu-tools-for-stm32.13.3.rel1.win32_1.0.100.202509120712/tools/bin/../lib/gcc/arm-none-eabi/13.3.1/../../../../arm-none-eabi/lib/thumb/v7e-m+fp/hard\libnosys.a
END GROUP
LOAD C:/ST/STM32CubeIDE_1.19.0/STM32CubeIDE/plugins/com.st.stm32cube.ide.mcu.externaltools.gnu-tools-for-stm32.13.3.rel1.win32_1.0.100.202509120712/tools/bin/../lib/gcc/arm-none-eabi/13.3.1/thumb/v7e-m+fp/hard/crtend.o
LOAD C:/ST/STM32CubeIDE_1.19.0/STM32CubeIDE/plugins/com.st.stm32cube.ide.mcu.externaltools.gnu-tools-for-stm32.13.3.rel1.win32_1.0.100.202509120712/tools/bin/../lib/gcc/arm-none-eabi/13.3.1/thumb/v7e-m+fp/hard/crtn.o
                0x20018000                        _estack = (ORIGIN (RAM) + LENGTH (RAM))
                0x00000200                        _Min_Heap_Size = 0x200
                0x00000400                        _Min_Stack_Size = 0x400

.isr_vector     0x08000000      0x188
                0x08000000                        . = ALIGN (0x4)
 *(.isr_vector)
 .isr_vector    0x08000000      0x188 ./Core/Startup/startup_stm32l476rgtx.o
                0x08000000                g_pfnVectors
                0x08000188                        . = ALIGN (0x4)

.text           0x08000190     0xe2c0
                0x08000190                        . = ALIGN (0x4)
 *(.text)
 .text          0x08000190       0x40 C:/ST/STM32CubeIDE_1.19.0/STM32CubeIDE/plugins/com.st.stm32cube.ide.mcu.externaltools.gnu-tools-for-stm32.13.3.rel1.win32_1.0.100.202509120712/tools/bin/../lib/gcc/arm-none-eabi/13.3.1/thumb/v7e-m+fp/hard/crtbegin.o
 .text          0x080001d0       0x14 C:/ST/STM32CubeIDE_1.19.0/STM32CubeIDE/plugins/com.st.stm32cube.ide.mcu.externaltools.gnu-tools-for-stm32.13.3.rel1.win32_1.0.100.202509120712/tools/bin/../lib/gcc/arm-none-eabi/13.3.1/../../../../arm-none-eabi/lib/thumb/v7e-m+fp/hard\libc_nano.a(libc_a-strcmp.o)
                0x080001d0                strcmp
 .text          0x080001e4       0x10 C:/ST/STM32CubeIDE_1.19.0/STM32CubeIDE/plugins/com.st.stm32cube.ide.mcu.externaltools.gnu-tools-for-stm32.13.3.rel1.win32_1.0.100.202509120712/tools/bin/../lib/gcc/arm-none-eabi/13.3.1/../../../../arm-none-eabi/lib/thumb/v7e-m+fp/hard\libc_nano.a(libc_a-strlen.o)
                0x080001e4                strlen
 *fill*         0x080001f4        0xc 
 .text          0x08000200       0xa0 C:/ST/STM32CubeIDE_1.19.0/STM32CubeIDE/plugins/com.st.stm32cube.ide.mcu.externaltools.gnu-tools-for-stm32.13.3.rel1.win32_1.0.100.202509120712/tools/bin/../lib/gcc/arm-none-eabi/13.3.1/../../../../arm-none-eabi/lib/thumb/v7e-m+fp/hard\libc_nano.a(libc_a-memchr.o)
                0x08000200                memchr
 .text          0x080002a0      0x378 C:/ST/STM32CubeIDE_1.19.0/STM32CubeIDE/plugins/com.st.stm32cube.ide.mcu.externaltools.gnu-tools-for-stm32.13.3.rel1.win32_1.0.100.202509120712/tools/bin/../lib/gcc/arm-none-eabi/13.3.1/thumb/v7e-m+fp/hard\libgcc.a(_arm_addsubdf3.o)
                0x080002a0                __aeabi_drsub
                0x080002a8                __aeabi_dsub
                0x080002a8                __subdf3
                0x080002ac                __aeabi_dadd
                0x080002ac                __adddf3
                0x08000524                __floatunsidf
                0x08000524                __aeabi_ui2d
                0x08000544                __floatsidf
                0x08000544                __aeabi_i2d
                0x08000568                __aeabi_f2d
                0x08000568                __extendsfdf2
                0x080005ac                __floatundidf
                0x080005ac                __aeabi_ul2d
                0x080005bc                __floatdidf
                0x080005bc                __aeabi_l2d
 .text          0x08000618      0x424 C:/ST/STM32CubeIDE_1.19.0/STM32CubeIDE/plugins/com.st.stm32cube.ide.mcu.externaltools.gnu-tools-for-stm32.13.3.rel1.win32_1.0.100.202509120712/tools/bin/../lib/gcc/arm-none-eabi/13.3.1/thumb/v7e-m+fp/hard\libgcc.a(_arm_muldivdf3.o)
                0x08000618                __aeabi_dmul
                0x08000618                __muldf3
                0x0800086c                __divdf3
                0x0800086c                __aeabi_ddiv
 .text          0x08000a3c      0x110 C:/ST/STM32CubeIDE_1.19.0/STM32CubeIDE/plugins/com.st.stm32cube.ide.mcu.externaltools.gnu-tools-for-stm32.13.3.rel1.win32_1.0.100.202509120712/tools/bin/../lib/gcc/arm-none-eabi/13.3.1/thumb/v7e-m+fp/hard\libgcc.a(_arm_cmpdf2.o)
                0x08000a3c                __gtdf2
                0x08000a3c                __gedf2
                0x08000a44                __ltdf2
                0x08000a44                __ledf2
                0x08000a4c                __nedf2
                0x08000a4c                __eqdf2
                0x08000a4c                __cmpdf2
                0x08000ac8                __aeabi_cdrcmple
                0x08000ad8                __aeabi_cdcmpeq
                0x08000ad8                __aeabi_cdcmple
                0x08000ae8                __aeabi_dcmpeq
                0x08000afc                __aeabi_dcmplt
                0x08000b10                __aeabi_dcmple
                0x08000b24                __aeabi_dcmpge
                0x08000b38                __aeabi_dcmpgt
 .text          0x08000b4c       0x2c C:/ST/STM32CubeIDE_1.19.0/STM32CubeIDE/plugins/com.st.stm32cube.ide.mcu.externaltools.gnu-tools-for-stm32.13.3.rel1.win32_1.0.100.202509120712/tools/bin/../lib/gcc/arm-none-eabi/13.3.1/thumb/v7e-m+fp/hard\libgcc.a(_arm_unorddf2.o)
                0x08000b4c                __unorddf2
                0x08000b4c                __aeabi_dcmpun
 .text          0x08000b78       0x40 C:/ST/STM32CubeIDE_1.19.0/STM32CubeIDE/plugins/com.st.stm32cube.ide.mcu.externaltools.gnu-tools-for-stm32.13.3.rel1.win32_1.0.100.202509120712/tools/bin/../lib/gcc/arm-none-eabi/13.3.1/thumb/v7e-m+fp/hard\libgcc.a(_arm_fixunsdfsi.o)
                0x08000b78                __aeabi_d2uiz
                0x08000b78                __fixunsdfsi
 .text          0x08000bb8       0xa0 C:/ST/STM32CubeIDE_1.19.0/STM32CubeIDE/plugins/com.st.stm32cube.ide.mcu.externaltools.gnu-tools-for-stm32.13.3.rel1.win32_1.0.100.202509120712/tools/bin/../lib/gcc/arm-none-eabi/13.3.1/thumb/v7e-m+fp/hard\libgcc.a(_arm_truncdfsf2.o)
                0x08000bb8                __truncdfsf2
                0x08000bb8                __aeabi_d2f
 .text          0x08000c58       0x30 C:/ST/STM32CubeIDE_1.19.0/STM32CubeIDE/plugins/com.st.stm32cube.ide.mcu.externaltools.gnu-tools-for-stm32.13.3.rel1.win32_1.0.100.202509120712/tools/bin/../lib/gcc/arm-none-eabi/13.3.1/thumb/v7e-m+fp/hard\libgcc.a(_aeabi_uldivmod.o)
                0x08000c58                __aeabi_uldivmod
 .text          0x08000c88       0x30 C:/ST/STM32CubeIDE_1.19.0/STM32CubeIDE/plugins/com.st.stm32cube.ide.mcu.externaltools.gnu-tools-for-stm32.13.3.rel1.win32_1.0.100.202509120712/tools/bin/../lib/gcc/arm-none-eabi/13.3.1/thumb/v7e-m+fp/hard\libgcc.a(_fixdfdi.o)
                0x08000c88                __fixdfdi
                0x08000c88                __aeabi_d2lz
 .text          0x08000cb8       0x3c C:/ST/STM32CubeIDE_1.19.0/STM32CubeIDE/plugins/com.st.stm32cube.ide.mcu.externaltools.gnu-tools-for-stm32.13.3.rel1.win32_1.0.100.202509120712/tools/bin/../lib/gcc/arm-none-eabi/13.3.1/thumb/v7e-m+fp/hard\libgcc.a(_fixunsdfdi.o)
                0x08000cb8                __fixunsdfdi
                0x08000cb8                __aeabi_d2ulz
 .text          0x08000cf4      0x2f8 C:/ST/STM32CubeIDE_1.19.0/STM32CubeIDE/plugins/com.st.stm32cube.ide.mcu.externaltools.gnu-tools-for-stm32.13.3.rel1.win32_1.0.100.202509120712/tools/bin/../lib/gcc/arm-none-eabi/13.3.1/thumb/v7e-m+fp/hard\libgcc.a(_udivmoddi4.o)
                0x08000cf4                __udivmoddi4
 .text          0x08000fec        0x4 C:/ST/STM32CubeIDE_1.19.0/STM32CubeIDE/plugins/com.st.stm32cube.ide.mcu.externaltools.gnu-tools-for-stm32.13.3.rel1.win32_1.0.100.202509120712/tools/bin/../lib/gcc/arm-none-eabi/13.3.1/thumb/v7e-m+fp/hard\libgcc.a(_dvmd_tls.o)
                0x08000fec                __aeabi_idiv0
                0x08000fec                __aeabi_ldiv0
 *(.text*)
 .text.BSP_LCD_Init
                0x08000ff0       0x1c ./Core/Src/bsp_lcd.o
                0x08000ff0                BSP_LCD_Init
 .text.BSP_LCD_Clear
                0x0800100c       0x5c ./Core/Src/bsp_lcd.o
                0x0800100c                BSP_LCD_Clear
 .text.BSP_LCD_DisplayStringAt
                0x08001068       0xc0 ./Core/Src/bsp_lcd.o
                0x08001068                BSP_LCD_DisplayStringAt
 .text.BSP_LCD_GetLine
                0x08001128       0x54 ./Core/Src/bsp_lcd.o
                0x08001128                BSP_LCD_GetLine
 .text.log_rf_value
                0x0800117c       0x44 ./Core/Src/bsp_rf.o
 .text.BSP_RF_Init
                0x080011c0       0x54 ./Core/Src/bsp_rf.o
                0x080011c0                BSP_RF_Init
 .text.BSP_RF_SetFreqVaricap
                0x08001214       0x2c ./Core/Src/bsp_rf.o
                0x08001214                BSP_RF_SetFreqVaricap
 .text.BSP_RF_SetQVaricap
                0x08001240       0x2c ./Core/Src/bsp_rf.o
                0x08001240                BSP_RF_SetQVaricap
 .text.BSP_RF_SetGain
                0x0800126c       0x48 ./Core/Src/bsp_rf.o
                0x0800126c                BSP_RF_SetGain
 .text.BSP_RF_SetOpAmpEnable
                0x080012b4       0x48 ./Core/Src/bsp_rf.o
                0x080012b4                BSP_RF_SetOpAmpEnable
 .text.BSP_RF_EnableExcitation
                0x080012fc       0x48 ./Core/Src/bsp_rf.o
                0x080012fc                BSP_RF_EnableExcitation
 .text.BSP_RF_ReadAmplitude
                0x08001344       0x38 ./Core/Src/bsp_rf.o
                0x08001344                BSP_RF_ReadAmplitude
 .text.BSP_RF_MockSetResonanceVoltage
                0x0800137c       0x1a ./Core/Src/bsp_rf.o
                0x0800137c                BSP_RF_MockSetResonanceVoltage
 .text.BSP_RF_MockSetNoiseLevel
                0x08001396       0x1a ./Core/Src/bsp_rf.o
                0x08001396                BSP_RF_MockSetNoiseLevel
 .text.BSP_RF_MockSetBaseAmplitude
                0x080013b0       0x1a ./Core/Src/bsp_rf.o
                0x080013b0                BSP_RF_MockSetBaseAmplitude
 .text.BSP_RF_MockSetForceFailure
                0x080013ca       0x1a ./Core/Src/bsp_rf.o
                0x080013ca                BSP_RF_MockSetForceFailure
 .text.log_led_change
                0x080013e4       0x40 ./Core/Src/bsp_ui.o
 .text.BSP_UI_Init
                0x08001424       0x1c ./Core/Src/bsp_ui.o
                0x08001424                BSP_UI_Init
 .text.BSP_LED_Set
                0x08001440       0x3e ./Core/Src/bsp_ui.o
                0x08001440                BSP_LED_Set
 .text.BSP_LED_Get
                0x0800147e       0x1c ./Core/Src/bsp_ui.o
                0x0800147e                BSP_LED_Get
 *fill*         0x0800149a        0x2 
 .text.BSP_Button_SetState
                0x0800149c       0x48 ./Core/Src/bsp_ui.o
                0x0800149c                BSP_Button_SetState
 .text.BSP_Button_GetState
                0x080014e4        0xe ./Core/Src/bsp_ui.o
                0x080014e4                BSP_Button_GetState
 *fill*         0x080014f2        0x2 
 .text.output_line
                0x080014f4       0x30 ./Core/Src/bt_manager.o
 .text.push_event
                0x08001524       0x20 ./Core/Src/bt_manager.o
 .text.handle_button_command
                0x08001544       0x90 ./Core/Src/bt_manager.o
 .text.send_led_snapshot
                0x080015d4       0x54 ./Core/Src/bt_manager.o
 .text.send_lcd_snapshot
                0x08001628       0x5c ./Core/Src/bt_manager.o
 .text.trace_mode_to_str
                0x08001684       0x38 ./Core/Src/bt_manager.o
 .text.send_trace_dump
                0x080016bc       0xd4 ./Core/Src/bt_manager.o
 .text.send_log_dump
                0x08001790       0xb4 ./Core/Src/bt_manager.o
 .text.parse_float_arg
                0x08001844       0x4a ./Core/Src/bt_manager.o
 *fill*         0x0800188e        0x2 
 .text.handle_mock_command
                0x08001890      0x1b8 ./Core/Src/bt_manager.o
 .text.BT_Manager_Init
                0x08001a48       0x2c ./Core/Src/bt_manager.o
                0x08001a48                BT_Manager_Init
 .text.BT_ProcessIncoming
                0x08001a74      0x12c ./Core/Src/bt_manager.o
                0x08001a74                BT_ProcessIncoming
 .text.BT_PopEvent
                0x08001ba0       0x24 ./Core/Src/bt_manager.o
                0x08001ba0                BT_PopEvent
 .text.BT_SendStatus
                0x08001bc4       0x3c ./Core/Src/bt_manager.o
                0x08001bc4                BT_SendStatus
 .text.BT_SendResult
                0x08001c00       0x6c ./Core/Src/bt_manager.o
                0x08001c00                BT_SendResult
 .text.BT_MockPump
                0x08001c6c       0x20 ./Core/Src/bt_manager.o
                0x08001c6c                BT_MockPump
 .text.state_to_string
                0x08001c8c       0x74 ./Core/Src/debug_log.o
 .text.push_entry
                0x08001d00       0x48 ./Core/Src/debug_log.o
 .text.Debug_LogState
                0x08001d48       0x6c ./Core/Src/debug_log.o
                0x08001d48                Debug_LogState
 .text.Debug_LogEvent
                0x08001db4       0x5c ./Core/Src/debug_log.o
                0x08001db4                Debug_LogEvent
 .text.Debug_LogDriver
                0x08001e10       0x5c ./Core/Src/debug_log.o
                0x08001e10                Debug_LogDriver
 .text.Debug_LogCopy
                0x08001e6c       0x1c ./Core/Src/debug_log.o
                0x08001e6c                Debug_LogCopy
 .text.Debug_LogClear
                0x08001e88       0x18 ./Core/Src/debug_log.o
                0x08001e88                Debug_LogClear
 .text.enqueue_event
                0x08001ea0       0x8c ./Core/Src/fsm_main.o
 .text.dequeue_event
                0x08001f2c       0x58 ./Core/Src/fsm_main.o
 .text.handle_bt_event
                0x08001f84       0x68 ./Core/Src/fsm_main.o
 .text.FSM_Init
                0x08001fec       0xa0 ./Core/Src/fsm_main.o
                0x08001fec                FSM_Init
 .text.process_button
                0x0800208c       0x44 ./Core/Src/fsm_main.o
 .text.FSM_TransitionTo
                0x080020d0       0x54 ./Core/Src/fsm_main.o
 .text.FSM_OnEnter
                0x08002124      0x234 ./Core/Src/fsm_main.o
 .text.FSM_HandleInit
                0x08002358       0x28 ./Core/Src/fsm_main.o
 .text.FSM_StartCalibration
                0x08002380       0x24 ./Core/Src/fsm_main.o
 .text.FSM_StartMeasurement
                0x080023a4       0x48 ./Core/Src/fsm_main.o
 .text.FSM_HandleIdle
                0x080023ec       0x80 ./Core/Src/fsm_main.o
 .text.FSM_HandleCalibration
                0x0800246c       0xec ./Core/Src/fsm_main.o
 .text.FSM_HandleMeasureSearch
                0x08002558       0xc4 ./Core/Src/fsm_main.o
 .text.FSM_HandleCalculation
                0x0800261c       0x6c ./Core/Src/fsm_main.o
 .text.FSM_HandleError
                0x08002688       0x60 ./Core/Src/fsm_main.o
 .text.FSM_UpdateLCD
                0x080026e8       0x40 ./Core/Src/fsm_main.o
 .text.FSM_IsMeasurementValid
                0x08002728       0x60 ./Core/Src/fsm_main.o
 .text.FSM_RunOnce
                0x08002788       0x68 ./Core/Src/fsm_main.o
                0x08002788                FSM_RunOnce
 .text.main     0x080027f0       0xc0 ./Core/Src/main.o
                0x080027f0                main
 .text.SystemClock_Config
                0x080028b0       0xb2 ./Core/Src/main.o
                0x080028b0                SystemClock_Config
 *fill*         0x08002962        0x2 
 .text.MX_ADC1_Init
                0x08002964      0x108 ./Core/Src/main.o
 .text.MX_DAC1_Init
                0x08002a6c       0x78 ./Core/Src/main.o
 .text.MX_IWDG_Init
                0x08002ae4       0x3c ./Core/Src/main.o
 .text.MX_TIM1_Init
                0x08002b20      0x158 ./Core/Src/main.o
 .text.MX_TIM6_Init
                0x08002c78       0x6c ./Core/Src/main.o
 .text.MX_UART4_Init
                0x08002ce4       0x60 ./Core/Src/main.o
 .text.MX_USART2_UART_Init
                0x08002d44       0x60 ./Core/Src/main.o
 .text.MX_DMA_Init
                0x08002da4       0x5c ./Core/Src/main.o
 .text.MX_GPIO_Init
                0x08002e00      0x164 ./Core/Src/main.o
 .text.Error_Handler
                0x08002f64       0x1c ./Core/Src/main.o
                0x08002f64                Error_Handler
 .text.interpolate
                0x08002f80       0x82 ./Core/Src/math_model.o
 *fill*         0x08003002        0x2 
 .text.Math_Varicap_VtoC
                0x08003004       0xa0 ./Core/Src/math_model.o
                0x08003004                Math_Varicap_VtoC
 .text.Math_CalculateEpsilon
                0x080030a4       0xa8 ./Core/Src/math_model.o
                0x080030a4                Math_CalculateEpsilon
 .text.clamp_voltage
                0x0800314c       0x4c ./Core/Src/rf_measure.o
 .text.log_float_event
                0x08003198       0x44 ./Core/Src/rf_measure.o
 .text.sample_at
                0x080031dc       0x5c ./Core/Src/rf_measure.o
 .text.coarse_sweep
                0x08003238       0xd4 ./Core/Src/rf_measure.o
 .text.fine_sweep
                0x0800330c      0x114 ./Core/Src/rf_measure.o
 .text.parabolic_vertex
                0x08003420      0x118 ./Core/Src/rf_measure.o
 .text.refine_vertex
                0x08003538      0x17c ./Core/Src/rf_measure.o
 .text.RF_PerformAirCalibration
                0x080036b4      0x1b8 ./Core/Src/rf_measure.o
                0x080036b4                RF_PerformAirCalibration
 .text.RF_PerformSnowMeasurement
                0x0800386c      0x288 ./Core/Src/rf_measure.o
                0x0800386c                RF_PerformSnowMeasurement
 .text.RF_Trace_Begin
                0x08003af4       0x30 ./Core/Src/rf_trace.o
                0x08003af4                RF_Trace_Begin
 .text.RF_Trace_Add
                0x08003b24       0x68 ./Core/Src/rf_trace.o
                0x08003b24                RF_Trace_Add
 .text.RF_Trace_End
                0x08003b8c       0x1c ./Core/Src/rf_trace.o
                0x08003b8c                RF_Trace_End
 .text.RF_Trace_Copy
                0x08003ba8       0x5c ./Core/Src/rf_trace.o
                0x08003ba8                RF_Trace_Copy
 .text.HAL_MspInit
                0x08003c04       0x48 ./Core/Src/stm32l4xx_hal_msp.o
                0x08003c04                HAL_MspInit
 .text.HAL_ADC_MspInit
                0x08003c4c      0x134 ./Core/Src/stm32l4xx_hal_msp.o
                0x08003c4c                HAL_ADC_MspInit
 .text.HAL_DAC_MspInit
                0x08003d80      0x138 ./Core/Src/stm32l4xx_hal_msp.o
                0x08003d80                HAL_DAC_MspInit
 .text.HAL_TIM_Base_MspInit
                0x08003eb8       0x68 ./Core/Src/stm32l4xx_hal_msp.o
                0x08003eb8                HAL_TIM_Base_MspInit
 .text.HAL_TIM_MspPostInit
                0x08003f20       0x70 ./Core/Src/stm32l4xx_hal_msp.o
                0x08003f20                HAL_TIM_MspPostInit
 .text.HAL_UART_MspInit
                0x08003f90      0x1d4 ./Core/Src/stm32l4xx_hal_msp.o
                0x08003f90                HAL_UART_MspInit
 .text.NMI_Handler
                0x08004164        0xc ./Core/Src/stm32l4xx_it.o
                0x08004164                NMI_Handler
 .text.HardFault_Handler
                0x08004170        0x8 ./Core/Src/stm32l4xx_it.o
                0x08004170                HardFault_Handler
 .text.MemManage_Handler
                0x08004178        0x8 ./Core/Src/stm32l4xx_it.o
                0x08004178                MemManage_Handler
 .text.BusFault_Handler
                0x08004180        0x8 ./Core/Src/stm32l4xx_it.o
                0x08004180                BusFault_Handler
 .text.UsageFault_Handler
                0x08004188        0x8 ./Core/Src/stm32l4xx_it.o
                0x08004188                UsageFault_Handler
 .text.SVC_Handler
                0x08004190        0xe ./Core/Src/stm32l4xx_it.o
                0x08004190                SVC_Handler
 .text.DebugMon_Handler
                0x0800419e        0xe ./Core/Src/stm32l4xx_it.o
                0x0800419e                DebugMon_Handler
 .text.PendSV_Handler
                0x080041ac        0xe ./Core/Src/stm32l4xx_it.o
                0x080041ac                PendSV_Handler
 .text.SysTick_Handler
                0x080041ba        0xc ./Core/Src/stm32l4xx_it.o
                0x080041ba                SysTick_Handler
 *fill*         0x080041c6        0x2 
 .text.DMA1_Channel1_IRQHandler
                0x080041c8       0x14 ./Core/Src/stm32l4xx_it.o
                0x080041c8                DMA1_Channel1_IRQHandler
 .text.DMA1_Channel3_IRQHandler
                0x080041dc       0x14 ./Core/Src/stm32l4xx_it.o
                0x080041dc                DMA1_Channel3_IRQHandler
 .text.DMA1_Channel4_IRQHandler
                0x080041f0       0x14 ./Core/Src/stm32l4xx_it.o
                0x080041f0                DMA1_Channel4_IRQHandler
 .text._getpid  0x08004204       0x10 ./Core/Src/syscalls.o
                0x08004204                _getpid
 .text._kill    0x08004214       0x20 ./Core/Src/syscalls.o
                0x08004214                _kill
 .text._exit    0x08004234       0x16 ./Core/Src/syscalls.o
                0x08004234                _exit
 .text._read    0x0800424a       0x3a ./Core/Src/syscalls.o
                0x0800424a                _read
 .text._write   0x08004284       0x38 ./Core/Src/syscalls.o
                0x08004284                _write
 .text._close   0x080042bc       0x18 ./Core/Src/syscalls.o
                0x080042bc                _close
 .text._fstat   0x080042d4       0x20 ./Core/Src/syscalls.o
                0x080042d4                _fstat
 .text._isatty  0x080042f4       0x16 ./Core/Src/syscalls.o
                0x080042f4                _isatty
 .text._lseek   0x0800430a       0x1a ./Core/Src/syscalls.o
                0x0800430a                _lseek
 .text._sbrk    0x08004324       0x6c ./Core/Src/sysmem.o
                0x08004324                _sbrk
 .text.SystemInit
                0x08004390       0x24 ./Core/Src/system_stm32l4xx.o
                0x08004390                SystemInit
 .text.start_uart_rx_interrupt
                0x080043b4       0x30 ./Core/Src/usb_cdc_bridge.o
 .text.PC_HostBridge_Init
                0x080043e4       0x34 ./Core/Src/usb_cdc_bridge.o
                0x080043e4                PC_HostBridge_Init
 .text.PC_HostBridge_OnRx
                0x08004418       0xa4 ./Core/Src/usb_cdc_bridge.o
                0x08004418                PC_HostBridge_OnRx
 .text.PC_HostBridge_Send
                0x080044bc       0xa8 ./Core/Src/usb_cdc_bridge.o
                0x080044bc                PC_HostBridge_Send
 .text.HAL_UART_RxCpltCallback
                0x08004564       0x2c ./Core/Src/usb_cdc_bridge.o
                0x08004564                HAL_UART_RxCpltCallback
 .text.HL_ADC_Init
                0x08004590       0x9c ./Core/Src/hl/hal_adc.o
                0x08004590                HL_ADC_Init
 .text.HL_ADC_Start
                0x0800462c       0x64 ./Core/Src/hl/hal_adc.o
                0x0800462c                HL_ADC_Start
 .text.HAL_ADC_ConvCpltCallback
                0x08004690       0x3c ./Core/Src/hl/hal_adc.o
                0x08004690                HAL_ADC_ConvCpltCallback
 .text.HAL_ADC_ConvHalfCpltCallback
                0x080046cc       0x3c ./Core/Src/hl/hal_adc.o
                0x080046cc                HAL_ADC_ConvHalfCpltCallback
 .text.HL_DAC_Init
                0x08004708       0x54 ./Core/Src/hl/hal_dac.o
                0x08004708                HL_DAC_Init
 .text.HL_DAC_SetVoltage
                0x0800475c       0x7c ./Core/Src/hl/hal_dac.o
                0x0800475c                HL_DAC_SetVoltage
 .text.HL_DAC_SetRawValue
                0x080047d8       0x4c ./Core/Src/hl/hal_dac.o
                0x080047d8                HL_DAC_SetRawValue
 .text.HL_DAC_Start
                0x08004824       0x3c ./Core/Src/hl/hal_dac.o
                0x08004824                HL_DAC_Start
 .text.PWM_Calculate_Pulse
                0x08004860       0x38 ./Core/Src/hl/hal_pwm.o
 .text.PWM_Configure_Timer
                0x08004898      0x13c ./Core/Src/hl/hal_pwm.o
 .text.HAL_PWM_Init
                0x080049d4       0x88 ./Core/Src/hl/hal_pwm.o
                0x080049d4                HAL_PWM_Init
 .text.HAL_PWM_Start
                0x08004a5c       0x48 ./Core/Src/hl/hal_pwm.o
                0x08004a5c                HAL_PWM_Start
 .text.HAL_PWM_SetDutyCycle
                0x08004aa4       0x58 ./Core/Src/hl/hal_pwm.o
                0x08004aa4                HAL_PWM_SetDutyCycle
 .text.HAL_PWM_SetFrequency
                0x08004afc       0x48 ./Core/Src/hl/hal_pwm.o
                0x08004afc                HAL_PWM_SetFrequency
 .text.reset_state
                0x08004b44       0x6c ./Core/Src/mocks/mock_board.o
 .text.MockBoard_Init
                0x08004bb0       0x18 ./Core/Src/mocks/mock_board.o
                0x08004bb0                MockBoard_Init
 .text.MockBoard_RF_ComputeAmplitude
                0x08004bc8       0xd4 ./Core/Src/mocks/mock_board.o
                0x08004bc8                MockBoard_RF_ComputeAmplitude
 .text.MockBoard_RF_SetResonanceVoltage
                0x08004c9c       0x20 ./Core/Src/mocks/mock_board.o
                0x08004c9c                MockBoard_RF_SetResonanceVoltage
 .text.MockBoard_RF_SetNoise
                0x08004cbc       0x20 ./Core/Src/mocks/mock_board.o
                0x08004cbc                MockBoard_RF_SetNoise
 .text.MockBoard_RF_SetBaseAmplitude
                0x08004cdc       0x20 ./Core/Src/mocks/mock_board.o
                0x08004cdc                MockBoard_RF_SetBaseAmplitude
 .text.MockBoard_RF_SetForceFailure
                0x08004cfc       0x2c ./Core/Src/mocks/mock_board.o
                0x08004cfc                MockBoard_RF_SetForceFailure
 .text.MockBoard_UI_SetLED
                0x08004d28       0x30 ./Core/Src/mocks/mock_board.o
                0x08004d28                MockBoard_UI_SetLED
 .text.MockBoard_UI_GetLED
                0x08004d58       0x2c ./Core/Src/mocks/mock_board.o
                0x08004d58                MockBoard_UI_GetLED
 .text.MockBoard_UI_SetButton
                0x08004d84       0x20 ./Core/Src/mocks/mock_board.o
                0x08004d84                MockBoard_UI_SetButton
 .text.MockBoard_UI_GetButton
                0x08004da4       0x18 ./Core/Src/mocks/mock_board.o
                0x08004da4                MockBoard_UI_GetButton
 .text.MockBoard_BT_DequeueCommand
                0x08004dbc       0x5c ./Core/Src/mocks/mock_board.o
                0x08004dbc                MockBoard_BT_DequeueCommand
 .text.MockBoard_BT_SetLastTx
                0x08004e18       0xa8 ./Core/Src/mocks/mock_board.o
                0x08004e18                MockBoard_BT_SetLastTx
 .text.MockBoard_DebugPush
                0x08004ec0       0xa0 ./Core/Src/mocks/mock_board.o
                0x08004ec0                MockBoard_DebugPush
 .text.MockBoard_DebugCopy
                0x08004f60       0xa8 ./Core/Src/mocks/mock_board.o
                0x08004f60                MockBoard_DebugCopy
 .text.MockBoard_DebugClear
                0x08005008       0x18 ./Core/Src/mocks/mock_board.o
                0x08005008                MockBoard_DebugClear
 .text.Test_HL_DAC_GenerateWaveform
                0x08005020       0xc8 ./Core/Src/test/test_hal_dac.o
                0x08005020                Test_HL_DAC_GenerateWaveform
 .text.Reset_Handler
                0x080050e8       0x50 ./Core/Startup/startup_stm32l476rgtx.o
                0x080050e8                Reset_Handler
 .text.Default_Handler
                0x08005138        0x2 ./Core/Startup/startup_stm32l476rgtx.o
                0x08005138                RTC_Alarm_IRQHandler
                0x08005138                EXTI2_IRQHandler
                0x08005138                TIM8_TRG_COM_IRQHandler
                0x08005138                TIM8_CC_IRQHandler
                0x08005138                TIM1_CC_IRQHandler
                0x08005138                TSC_IRQHandler
                0x08005138                TAMP_STAMP_IRQHandler
                0x08005138                EXTI3_IRQHandler
                0x08005138                LPTIM2_IRQHandler
                0x08005138                DFSDM1_FLT1_IRQHandler
                0x08005138                I2C3_ER_IRQHandler
                0x08005138                DFSDM1_FLT2_IRQHandler
                0x08005138                EXTI0_IRQHandler
                0x08005138                I2C2_EV_IRQHandler
                0x08005138                CAN1_RX0_IRQHandler
                0x08005138                FPU_IRQHandler
                0x08005138                TIM1_UP_TIM16_IRQHandler
                0x08005138                ADC1_2_IRQHandler
                0x08005138                SPI1_IRQHandler
                0x08005138                TIM6_DAC_IRQHandler
                0x08005138                TIM8_UP_IRQHandler
                0x08005138                DMA2_Channel2_IRQHandler
                0x08005138                SAI2_IRQHandler
                0x08005138                DFSDM1_FLT3_IRQHandler
                0x08005138                USART3_IRQHandler
                0x08005138                DMA1_Channel7_IRQHandler
                0x08005138                CAN1_RX1_IRQHandler
                0x08005138                LCD_IRQHandler
                0x08005138                UART5_IRQHandler
                0x08005138                ADC3_IRQHandler
                0x08005138                TIM4_IRQHandler
                0x08005138                DMA2_Channel1_IRQHandler
                0x08005138                QUADSPI_IRQHandler
                0x08005138                I2C1_EV_IRQHandler
                0x08005138                DMA1_Channel6_IRQHandler
                0x08005138                UART4_IRQHandler
                0x08005138                DMA2_Channel4_IRQHandler
                0x08005138                TIM3_IRQHandler
                0x08005138                RCC_IRQHandler
                0x08005138                Default_Handler
                0x08005138                DMA2_Channel7_IRQHandler
                0x08005138                EXTI15_10_IRQHandler
                0x08005138                TIM7_IRQHandler
                0x08005138                SDMMC1_IRQHandler
                0x08005138                TIM5_IRQHandler
                0x08005138                I2C3_EV_IRQHandler
                0x08005138                EXTI9_5_IRQHandler
                0x08005138                RTC_WKUP_IRQHandler
                0x08005138                PVD_PVM_IRQHandler
                0x08005138                SPI2_IRQHandler
                0x08005138                CAN1_TX_IRQHandler
                0x08005138                DMA2_Channel5_IRQHandler
                0x08005138                DMA1_Channel5_IRQHandler
                0x08005138                EXTI4_IRQHandler
                0x08005138                RNG_IRQHandler
                0x08005138                TIM1_TRG_COM_TIM17_IRQHandler
                0x08005138                COMP_IRQHandler
                0x08005138                WWDG_IRQHandler
                0x08005138                LPUART1_IRQHandler
                0x08005138                DMA2_Channel6_IRQHandler
                0x08005138                TIM2_IRQHandler
                0x08005138                EXTI1_IRQHandler
                0x08005138                USART2_IRQHandler
                0x08005138                DFSDM1_FLT0_IRQHandler
                0x08005138                I2C2_ER_IRQHandler
                0x08005138                DMA1_Channel2_IRQHandler
                0x08005138                TIM8_BRK_IRQHandler
                0x08005138                CAN1_SCE_IRQHandler
                0x08005138                FLASH_IRQHandler
                0x08005138                USART1_IRQHandler
                0x08005138                OTG_FS_IRQHandler
                0x08005138                SPI3_IRQHandler
                0x08005138                I2C1_ER_IRQHandler
                0x08005138                FMC_IRQHandler
                0x08005138                SWPMI1_IRQHandler
                0x08005138                LPTIM1_IRQHandler
                0x08005138                SAI1_IRQHandler
                0x08005138                DMA2_Channel3_IRQHandler
                0x08005138                TIM1_BRK_TIM15_IRQHandler
 *fill*         0x0800513a        0x2 
 .text.HAL_Init
                0x0800513c       0x40 ./Drivers/STM32L4xx_HAL_Driver/Src/stm32l4xx_hal.o
                0x0800513c                HAL_Init
 .text.HAL_InitTick
                0x0800517c       0x78 ./Drivers/STM32L4xx_HAL_Driver/Src/stm32l4xx_hal.o
                0x0800517c                HAL_InitTick
 .text.HAL_IncTick
                0x080051f4       0x28 ./Drivers/STM32L4xx_HAL_Driver/Src/stm32l4xx_hal.o
                0x080051f4                HAL_IncTick
 .text.HAL_GetTick
                0x0800521c       0x18 ./Drivers/STM32L4xx_HAL_Driver/Src/stm32l4xx_hal.o
                0x0800521c                HAL_GetTick
 .text.HAL_Delay
                0x08005234       0x48 ./Drivers/STM32L4xx_HAL_Driver/Src/stm32l4xx_hal.o
                0x08005234                HAL_Delay
 .text.LL_ADC_SetCommonClock
                0x0800527c       0x26 ./Drivers/STM32L4xx_HAL_Driver/Src/stm32l4xx_hal_adc.o
 .text.LL_ADC_SetCommonPathInternalCh
                0x080052a2       0x26 ./Drivers/STM32L4xx_HAL_Driver/Src/stm32l4xx_hal_adc.o
 .text.LL_ADC_GetCommonPathInternalCh
                0x080052c8       0x1c ./Drivers/STM32L4xx_HAL_Driver/Src/stm32l4xx_hal_adc.o
 .text.LL_ADC_SetOffset
                0x080052e4       0x48 ./Drivers/STM32L4xx_HAL_Driver/Src/stm32l4xx_hal_adc.o
 .text.LL_ADC_GetOffsetChannel
                0x0800532c       0x2c ./Drivers/STM32L4xx_HAL_Driver/Src/stm32l4xx_hal_adc.o
 .text.LL_ADC_SetOffsetState
                0x08005358       0x36 ./Drivers/STM32L4xx_HAL_Driver/Src/stm32l4xx_hal_adc.o
 .text.LL_ADC_REG_IsTriggerSourceSWStart
                0x0800538e       0x26 ./Drivers/STM32L4xx_HAL_Driver/Src/stm32l4xx_hal_adc.o
 .text.LL_ADC_REG_SetSequencerRanks
                0x080053b4       0x58 ./Drivers/STM32L4xx_HAL_Driver/Src/stm32l4xx_hal_adc.o
 .text.LL_ADC_SetChannelSamplingTime
                0x0800540c       0x56 ./Drivers/STM32L4xx_HAL_Driver/Src/stm32l4xx_hal_adc.o
 *fill*         0x08005462        0x2 
 .text.LL_ADC_SetChannelSingleDiff
                0x08005464       0x48 ./Drivers/STM32L4xx_HAL_Driver/Src/stm32l4xx_hal_adc.o
 .text.LL_ADC_GetMultimode
                0x080054ac       0x1c ./Drivers/STM32L4xx_HAL_Driver/Src/stm32l4xx_hal_adc.o
 .text.LL_ADC_DisableDeepPowerDown
                0x080054c8       0x24 ./Drivers/STM32L4xx_HAL_Driver/Src/stm32l4xx_hal_adc.o
 .text.LL_ADC_IsDeepPowerDownEnabled
                0x080054ec       0x28 ./Drivers/STM32L4xx_HAL_Driver/Src/stm32l4xx_hal_adc.o
 .text.LL_ADC_EnableInternalRegulator
                0x08005514       0x28 ./Drivers/STM32L4xx_HAL_Driver/Src/stm32l4xx_hal_adc.o
 .text.LL_ADC_IsInternalRegulatorEnabled
                0x0800553c       0x28 ./Drivers/STM32L4xx_HAL_Driver/Src/stm32l4xx_hal_adc.o
 .text.LL_ADC_Enable
                0x08005564       0x28 ./Drivers/STM32L4xx_HAL_Driver/Src/stm32l4xx_hal_adc.o
 .text.LL_ADC_Disable
                0x0800558c       0x28 ./Drivers/STM32L4xx_HAL_Driver/Src/stm32l4xx_hal_adc.o
 .text.LL_ADC_IsEnabled
                0x080055b4       0x26 ./Drivers/STM32L4xx_HAL_Driver/Src/stm32l4xx_hal_adc.o
 .text.LL_ADC_IsDisableOngoing
                0x080055da       0x26 ./Drivers/STM32L4xx_HAL_Driver/Src/stm32l4xx_hal_adc.o
 .text.LL_ADC_REG_StartConversion
                0x08005600       0x28 ./Drivers/STM32L4xx_HAL_Driver/Src/stm32l4xx_hal_adc.o
 .text.LL_ADC_REG_StopConversion
                0x08005628       0x28 ./Drivers/STM32L4xx_HAL_Driver/Src/stm32l4xx_hal_adc.o
 .text.LL_ADC_REG_IsConversionOngoing
                0x08005650       0x26 ./Drivers/STM32L4xx_HAL_Driver/Src/stm32l4xx_hal_adc.o
 .text.LL_ADC_INJ_StopConversion
                0x08005676       0x28 ./Drivers/STM32L4xx_HAL_Driver/Src/stm32l4xx_hal_adc.o
 .text.LL_ADC_INJ_IsConversionOngoing
                0x0800569e       0x26 ./Drivers/STM32L4xx_HAL_Driver/Src/stm32l4xx_hal_adc.o
 .text.HAL_ADC_Init
                0x080056c4      0x2a0 ./Drivers/STM32L4xx_HAL_Driver/Src/stm32l4xx_hal_adc.o
                0x080056c4                HAL_ADC_Init
 .text.HAL_ADC_Start_DMA
                0x08005964      0x178 ./Drivers/STM32L4xx_HAL_Driver/Src/stm32l4xx_hal_adc.o
                0x08005964                HAL_ADC_Start_DMA
 .text.HAL_ADC_Stop_DMA
                0x08005adc       0xc2 ./Drivers/STM32L4xx_HAL_Driver/Src/stm32l4xx_hal_adc.o
                0x08005adc                HAL_ADC_Stop_DMA
 .text.HAL_ADC_ErrorCallback
                0x08005b9e       0x14 ./Drivers/STM32L4xx_HAL_Driver/Src/stm32l4xx_hal_adc.o
                0x08005b9e                HAL_ADC_ErrorCallback
 *fill*         0x08005bb2        0x2 
 .text.HAL_ADC_ConfigChannel
                0x08005bb4      0x7e4 ./Drivers/STM32L4xx_HAL_Driver/Src/stm32l4xx_hal_adc.o
                0x08005bb4                HAL_ADC_ConfigChannel
 .text.ADC_ConversionStop
                0x08006398      0x178 ./Drivers/STM32L4xx_HAL_Driver/Src/stm32l4xx_hal_adc.o
                0x08006398                ADC_ConversionStop
 .text.ADC_Enable
                0x08006510      0x10c ./Drivers/STM32L4xx_HAL_Driver/Src/stm32l4xx_hal_adc.o
                0x08006510                ADC_Enable
 .text.ADC_Disable
                0x0800661c       0xbe ./Drivers/STM32L4xx_HAL_Driver/Src/stm32l4xx_hal_adc.o
                0x0800661c                ADC_Disable
 .text.ADC_DMAConvCplt
                0x080066da       0xd8 ./Drivers/STM32L4xx_HAL_Driver/Src/stm32l4xx_hal_adc.o
                0x080066da                ADC_DMAConvCplt
 .text.ADC_DMAHalfConvCplt
                0x080067b2       0x1c ./Drivers/STM32L4xx_HAL_Driver/Src/stm32l4xx_hal_adc.o
                0x080067b2                ADC_DMAHalfConvCplt
 .text.ADC_DMAError
                0x080067ce       0x34 ./Drivers/STM32L4xx_HAL_Driver/Src/stm32l4xx_hal_adc.o
                0x080067ce                ADC_DMAError
 .text.LL_ADC_IsEnabled
                0x08006802       0x26 ./Drivers/STM32L4xx_HAL_Driver/Src/stm32l4xx_hal_adc_ex.o
 .text.LL_ADC_REG_IsConversionOngoing
                0x08006828       0x26 ./Drivers/STM32L4xx_HAL_Driver/Src/stm32l4xx_hal_adc_ex.o
 *fill*         0x0800684e        0x2 
 .text.HAL_ADCEx_MultiModeConfigChannel
                0x08006850      0x160 ./Drivers/STM32L4xx_HAL_Driver/Src/stm32l4xx_hal_adc_ex.o
                0x08006850                HAL_ADCEx_MultiModeConfigChannel
 .text.__NVIC_SetPriorityGrouping
                0x080069b0       0x48 ./Drivers/STM32L4xx_HAL_Driver/Src/stm32l4xx_hal_cortex.o
 .text.__NVIC_GetPriorityGrouping
                0x080069f8       0x1c ./Drivers/STM32L4xx_HAL_Driver/Src/stm32l4xx_hal_cortex.o
 .text.__NVIC_EnableIRQ
                0x08006a14       0x3c ./Drivers/STM32L4xx_HAL_Driver/Src/stm32l4xx_hal_cortex.o
 .text.__NVIC_SetPriority
                0x08006a50       0x54 ./Drivers/STM32L4xx_HAL_Driver/Src/stm32l4xx_hal_cortex.o
 .text.NVIC_EncodePriority
                0x08006aa4       0x66 ./Drivers/STM32L4xx_HAL_Driver/Src/stm32l4xx_hal_cortex.o
 *fill*         0x08006b0a        0x2 
 .text.SysTick_Config
                0x08006b0c       0x44 ./Drivers/STM32L4xx_HAL_Driver/Src/stm32l4xx_hal_cortex.o
 .text.HAL_NVIC_SetPriorityGrouping
                0x08006b50       0x16 ./Drivers/STM32L4xx_HAL_Driver/Src/stm32l4xx_hal_cortex.o
                0x08006b50                HAL_NVIC_SetPriorityGrouping
 .text.HAL_NVIC_SetPriority
                0x08006b66       0x38 ./Drivers/STM32L4xx_HAL_Driver/Src/stm32l4xx_hal_cortex.o
                0x08006b66                HAL_NVIC_SetPriority
 .text.HAL_NVIC_EnableIRQ
                0x08006b9e       0x1c ./Drivers/STM32L4xx_HAL_Driver/Src/stm32l4xx_hal_cortex.o
                0x08006b9e                HAL_NVIC_EnableIRQ
 .text.HAL_SYSTICK_Config
                0x08006bba       0x18 ./Drivers/STM32L4xx_HAL_Driver/Src/stm32l4xx_hal_cortex.o
                0x08006bba                HAL_SYSTICK_Config
 .text.HAL_DAC_Init
                0x08006bd2       0x44 ./Drivers/STM32L4xx_HAL_Driver/Src/stm32l4xx_hal_dac.o
                0x08006bd2                HAL_DAC_Init
 .text.HAL_DAC_Start
                0x08006c16       0x9a ./Drivers/STM32L4xx_HAL_Driver/Src/stm32l4xx_hal_dac.o
                0x08006c16                HAL_DAC_Start
 .text.HAL_DAC_SetValue
                0x08006cb0       0x4a ./Drivers/STM32L4xx_HAL_Driver/Src/stm32l4xx_hal_dac.o
                0x08006cb0                HAL_DAC_SetValue
 .text.HAL_DAC_ConfigChannel
                0x08006cfa      0x24e ./Drivers/STM32L4xx_HAL_Driver/Src/stm32l4xx_hal_dac.o
                0x08006cfa                HAL_DAC_ConfigChannel
 .text.HAL_DMA_Init
                0x08006f48      0x170 ./Drivers/STM32L4xx_HAL_Driver/Src/stm32l4xx_hal_dma.o
                0x08006f48                HAL_DMA_Init
 .text.HAL_DMA_Start_IT
                0x080070b8       0xc0 ./Drivers/STM32L4xx_HAL_Driver/Src/stm32l4xx_hal_dma.o
                0x080070b8                HAL_DMA_Start_IT
 .text.HAL_DMA_Abort
                0x08007178       0x7c ./Drivers/STM32L4xx_HAL_Driver/Src/stm32l4xx_hal_dma.o
                0x08007178                HAL_DMA_Abort
 .text.HAL_DMA_IRQHandler
                0x080071f4      0x15e ./Drivers/STM32L4xx_HAL_Driver/Src/stm32l4xx_hal_dma.o
                0x080071f4                HAL_DMA_IRQHandler
 .text.DMA_SetConfig
                0x08007352       0x60 ./Drivers/STM32L4xx_HAL_Driver/Src/stm32l4xx_hal_dma.o
 *fill*         0x080073b2        0x2 
 .text.HAL_GPIO_Init
                0x080073b4      0x354 ./Drivers/STM32L4xx_HAL_Driver/Src/stm32l4xx_hal_gpio.o
                0x080073b4                HAL_GPIO_Init
 .text.HAL_GPIO_WritePin
                0x08007708       0x30 ./Drivers/STM32L4xx_HAL_Driver/Src/stm32l4xx_hal_gpio.o
                0x08007708                HAL_GPIO_WritePin
 .text.HAL_IWDG_Init
                0x08007738       0xa2 ./Drivers/STM32L4xx_HAL_Driver/Src/stm32l4xx_hal_iwdg.o
                0x08007738                HAL_IWDG_Init
 .text.HAL_IWDG_Refresh
                0x080077da       0x20 ./Drivers/STM32L4xx_HAL_Driver/Src/stm32l4xx_hal_iwdg.o
                0x080077da                HAL_IWDG_Refresh
 *fill*         0x080077fa        0x2 
 .text.HAL_PWREx_GetVoltageRange
                0x080077fc       0x1c ./Drivers/STM32L4xx_HAL_Driver/Src/stm32l4xx_hal_pwr_ex.o
                0x080077fc                HAL_PWREx_GetVoltageRange
 .text.HAL_PWREx_ControlVoltageScaling
                0x08007818       0xac ./Drivers/STM32L4xx_HAL_Driver/Src/stm32l4xx_hal_pwr_ex.o
                0x08007818                HAL_PWREx_ControlVoltageScaling
 .text.HAL_RCC_OscConfig
                0x080078c4      0x7b8 ./Drivers/STM32L4xx_HAL_Driver/Src/stm32l4xx_hal_rcc.o
                0x080078c4                HAL_RCC_OscConfig
 .text.HAL_RCC_ClockConfig
                0x0800807c      0x200 ./Drivers/STM32L4xx_HAL_Driver/Src/stm32l4xx_hal_rcc.o
                0x0800807c                HAL_RCC_ClockConfig
 .text.HAL_RCC_MCOConfig
                0x0800827c       0x68 ./Drivers/STM32L4xx_HAL_Driver/Src/stm32l4xx_hal_rcc.o
                0x0800827c                HAL_RCC_MCOConfig
 .text.HAL_RCC_GetSysClockFreq
                0x080082e4      0x118 ./Drivers/STM32L4xx_HAL_Driver/Src/stm32l4xx_hal_rcc.o
                0x080082e4                HAL_RCC_GetSysClockFreq
 .text.HAL_RCC_GetHCLKFreq
                0x080083fc       0x18 ./Drivers/STM32L4xx_HAL_Driver/Src/stm32l4xx_hal_rcc.o
                0x080083fc                HAL_RCC_GetHCLKFreq
 .text.HAL_RCC_GetPCLK1Freq
                0x08008414       0x2c ./Drivers/STM32L4xx_HAL_Driver/Src/stm32l4xx_hal_rcc.o
                0x08008414                HAL_RCC_GetPCLK1Freq
 .text.HAL_RCC_GetPCLK2Freq
                0x08008440       0x2c ./Drivers/STM32L4xx_HAL_Driver/Src/stm32l4xx_hal_rcc.o
                0x08008440                HAL_RCC_GetPCLK2Freq
 .text.HAL_RCC_EnableCSS
                0x0800846c       0x20 ./Drivers/STM32L4xx_HAL_Driver/Src/stm32l4xx_hal_rcc.o
                0x0800846c                HAL_RCC_EnableCSS
 .text.HAL_RCC_NMI_IRQHandler
                0x0800848c       0x28 ./Drivers/STM32L4xx_HAL_Driver/Src/stm32l4xx_hal_rcc.o
                0x0800848c                HAL_RCC_NMI_IRQHandler
 .text.HAL_RCC_CSSCallback
                0x080084b4        0xe ./Drivers/STM32L4xx_HAL_Driver/Src/stm32l4xx_hal_rcc.o
                0x080084b4                HAL_RCC_CSSCallback
 *fill*         0x080084c2        0x2 
 .text.RCC_SetFlashLatencyFromMSIRange
                0x080084c4       0xc0 ./Drivers/STM32L4xx_HAL_Driver/Src/stm32l4xx_hal_rcc.o
 .text.HAL_RCCEx_PeriphCLKConfig
                0x08008584      0x5d4 ./Drivers/STM32L4xx_HAL_Driver/Src/stm32l4xx_hal_rcc_ex.o
                0x08008584                HAL_RCCEx_PeriphCLKConfig
 .text.RCCEx_PLLSAI1_Config
                0x08008b58      0x1e8 ./Drivers/STM32L4xx_HAL_Driver/Src/stm32l4xx_hal_rcc_ex.o
 .text.RCCEx_PLLSAI2_Config
                0x08008d40      0x1bc ./Drivers/STM32L4xx_HAL_Driver/Src/stm32l4xx_hal_rcc_ex.o
 .text.HAL_TIM_Base_Init
                0x08008efc       0xae ./Drivers/STM32L4xx_HAL_Driver/Src/stm32l4xx_hal_tim.o
                0x08008efc                HAL_TIM_Base_Init
 *fill*         0x08008faa        0x2 
 .text.HAL_TIM_Base_Start
                0x08008fac       0xd0 ./Drivers/STM32L4xx_HAL_Driver/Src/stm32l4xx_hal_tim.o
                0x08008fac                HAL_TIM_Base_Start
 .text.HAL_TIM_PWM_Init
                0x0800907c       0xae ./Drivers/STM32L4xx_HAL_Driver/Src/stm32l4xx_hal_tim.o
                0x0800907c                HAL_TIM_PWM_Init
 .text.HAL_TIM_PWM_MspInit
                0x0800912a       0x14 ./Drivers/STM32L4xx_HAL_Driver/Src/stm32l4xx_hal_tim.o
                0x0800912a                HAL_TIM_PWM_MspInit
 *fill*         0x0800913e        0x2 
 .text.HAL_TIM_PWM_Start
                0x08009140      0x20c ./Drivers/STM32L4xx_HAL_Driver/Src/stm32l4xx_hal_tim.o
                0x08009140                HAL_TIM_PWM_Start
 .text.HAL_TIM_PWM_Stop
                0x0800934c      0x12c ./Drivers/STM32L4xx_HAL_Driver/Src/stm32l4xx_hal_tim.o
                0x0800934c                HAL_TIM_PWM_Stop
 .text.HAL_TIM_PWM_ConfigChannel
                0x08009478      0x228 ./Drivers/STM32L4xx_HAL_Driver/Src/stm32l4xx_hal_tim.o
                0x08009478                HAL_TIM_PWM_ConfigChannel
 .text.HAL_TIM_ConfigClockSource
                0x080096a0      0x192 ./Drivers/STM32L4xx_HAL_Driver/Src/stm32l4xx_hal_tim.o
                0x080096a0                HAL_TIM_ConfigClockSource
 *fill*         0x08009832        0x2 
 .text.TIM_Base_SetConfig
                0x08009834      0x14c ./Drivers/STM32L4xx_HAL_Driver/Src/stm32l4xx_hal_tim.o
                0x08009834                TIM_Base_SetConfig
 .text.TIM_OC1_SetConfig
                0x08009980      0x120 ./Drivers/STM32L4xx_HAL_Driver/Src/stm32l4xx_hal_tim.o
 .text.TIM_OC2_SetConfig
                0x08009aa0      0x114 ./Drivers/STM32L4xx_HAL_Driver/Src/stm32l4xx_hal_tim.o
                0x08009aa0                TIM_OC2_SetConfig
 .text.TIM_OC3_SetConfig
                0x08009bb4      0x110 ./Drivers/STM32L4xx_HAL_Driver/Src/stm32l4xx_hal_tim.o
 .text.TIM_OC4_SetConfig
                0x08009cc4       0xd4 ./Drivers/STM32L4xx_HAL_Driver/Src/stm32l4xx_hal_tim.o
 .text.TIM_OC5_SetConfig
                0x08009d98       0xc8 ./Drivers/STM32L4xx_HAL_Driver/Src/stm32l4xx_hal_tim.o
 .text.TIM_OC6_SetConfig
                0x08009e60       0xcc ./Drivers/STM32L4xx_HAL_Driver/Src/stm32l4xx_hal_tim.o
 .text.TIM_TI1_ConfigInputStage
                0x08009f2c       0x5e ./Drivers/STM32L4xx_HAL_Driver/Src/stm32l4xx_hal_tim.o
 .text.TIM_TI2_ConfigInputStage
                0x08009f8a       0x60 ./Drivers/STM32L4xx_HAL_Driver/Src/stm32l4xx_hal_tim.o
 .text.TIM_ITRx_SetConfig
                0x08009fea       0x36 ./Drivers/STM32L4xx_HAL_Driver/Src/stm32l4xx_hal_tim.o
 .text.TIM_ETR_SetConfig
                0x0800a020       0x40 ./Drivers/STM32L4xx_HAL_Driver/Src/stm32l4xx_hal_tim.o
                0x0800a020                TIM_ETR_SetConfig
 .text.TIM_CCxChannelCmd
                0x0800a060       0x4a ./Drivers/STM32L4xx_HAL_Driver/Src/stm32l4xx_hal_tim.o
                0x0800a060                TIM_CCxChannelCmd
 *fill*         0x0800a0aa        0x2 
 .text.HAL_TIMEx_MasterConfigSynchronization
                0x0800a0ac      0x110 ./Drivers/STM32L4xx_HAL_Driver/Src/stm32l4xx_hal_tim_ex.o
                0x0800a0ac                HAL_TIMEx_MasterConfigSynchronization
 .text.HAL_TIMEx_ConfigBreakDeadTime
                0x0800a1bc       0xfc ./Drivers/STM32L4xx_HAL_Driver/Src/stm32l4xx_hal_tim_ex.o
                0x0800a1bc                HAL_TIMEx_ConfigBreakDeadTime
 .text.HAL_UART_Init
                0x0800a2b8       0x9c ./Drivers/STM32L4xx_HAL_Driver/Src/stm32l4xx_hal_uart.o
                0x0800a2b8                HAL_UART_Init
 .text.HAL_UART_Transmit
                0x0800a354      0x112 ./Drivers/STM32L4xx_HAL_Driver/Src/stm32l4xx_hal_uart.o
                0x0800a354                HAL_UART_Transmit
 *fill*         0x0800a466        0x2 
 .text.HAL_UART_Receive_IT
                0x0800a468       0x98 ./Drivers/STM32L4xx_HAL_Driver/Src/stm32l4xx_hal_uart.o
                0x0800a468                HAL_UART_Receive_IT
 .text.HAL_UARTEx_RxEventCallback
                0x0800a500       0x18 ./Drivers/STM32L4xx_HAL_Driver/Src/stm32l4xx_hal_uart.o
                0x0800a500                HAL_UARTEx_RxEventCallback
 .text.UART_SetConfig
                0x0800a518      0x570 ./Drivers/STM32L4xx_HAL_Driver/Src/stm32l4xx_hal_uart.o
                0x0800a518                UART_SetConfig
 .text.UART_AdvFeatureConfig
                0x0800aa88      0x144 ./Drivers/STM32L4xx_HAL_Driver/Src/stm32l4xx_hal_uart.o
                0x0800aa88                UART_AdvFeatureConfig
 .text.UART_CheckIdleState
                0x0800abcc      0x150 ./Drivers/STM32L4xx_HAL_Driver/Src/stm32l4xx_hal_uart.o
                0x0800abcc                UART_CheckIdleState
 .text.UART_WaitOnFlagUntilTimeout
                0x0800ad1c       0xda ./Drivers/STM32L4xx_HAL_Driver/Src/stm32l4xx_hal_uart.o
                0x0800ad1c                UART_WaitOnFlagUntilTimeout
 *fill*         0x0800adf6        0x2 
 .text.UART_Start_Receive_IT
                0x0800adf8      0x18c ./Drivers/STM32L4xx_HAL_Driver/Src/stm32l4xx_hal_uart.o
                0x0800adf8                UART_Start_Receive_IT
 .text.UART_EndRxTransfer
                0x0800af84       0xc8 ./Drivers/STM32L4xx_HAL_Driver/Src/stm32l4xx_hal_uart.o
 .text.UART_RxISR_8BIT
                0x0800b04c      0x1bc ./Drivers/STM32L4xx_HAL_Driver/Src/stm32l4xx_hal_uart.o
 .text.UART_RxISR_16BIT
                0x0800b208      0x1bc ./Drivers/STM32L4xx_HAL_Driver/Src/stm32l4xx_hal_uart.o
 .text.sulp     0x0800b3c4       0x3c C:/ST/STM32CubeIDE_1.19.0/STM32CubeIDE/plugins/com.st.stm32cube.ide.mcu.externaltools.gnu-tools-for-stm32.13.3.rel1.win32_1.0.100.202509120712/tools/bin/../lib/gcc/arm-none-eabi/13.3.1/../../../../arm-none-eabi/lib/thumb/v7e-m+fp/hard\libc_nano.a(libc_a-strtod.o)
 .text._strtod_l
                0x0800b400      0xbc8 C:/ST/STM32CubeIDE_1.19.0/STM32CubeIDE/plugins/com.st.stm32cube.ide.mcu.externaltools.gnu-tools-for-stm32.13.3.rel1.win32_1.0.100.202509120712/tools/bin/../lib/gcc/arm-none-eabi/13.3.1/../../../../arm-none-eabi/lib/thumb/v7e-m+fp/hard\libc_nano.a(libc_a-strtod.o)
                0x0800b400                _strtod_l
 .text.strtof   0x0800bfc8       0xc8 C:/ST/STM32CubeIDE_1.19.0/STM32CubeIDE/plugins/com.st.stm32cube.ide.mcu.externaltools.gnu-tools-for-stm32.13.3.rel1.win32_1.0.100.202509120712/tools/bin/../lib/gcc/arm-none-eabi/13.3.1/../../../../arm-none-eabi/lib/thumb/v7e-m+fp/hard\libc_nano.a(libc_a-strtod.o)
                0x0800bfc8                strtof
 .text.std      0x0800c090       0x6c C:/ST/STM32CubeIDE_1.19.0/STM32CubeIDE/plugins/com.st.stm32cube.ide.mcu.externaltools.gnu-tools-for-stm32.13.3.rel1.win32_1.0.100.202509120712/tools/bin/../lib/gcc/arm-none-eabi/13.3.1/../../../../arm-none-eabi/lib/thumb/v7e-m+fp/hard\libc_nano.a(libc_a-findfp.o)
 .text.stdio_exit_handler
                0x0800c0fc       0x18 C:/ST/STM32CubeIDE_1.19.0/STM32CubeIDE/plugins/com.st.stm32cube.ide.mcu.externaltools.gnu-tools-for-stm32.13.3.rel1.win32_1.0.100.202509120712/tools/bin/../lib/gcc/arm-none-eabi/13.3.1/../../../../arm-none-eabi/lib/thumb/v7e-m+fp/hard\libc_nano.a(libc_a-findfp.o)
 .text.cleanup_stdio
                0x0800c114       0x40 C:/ST/STM32CubeIDE_1.19.0/STM32CubeIDE/plugins/com.st.stm32cube.ide.mcu.externaltools.gnu-tools-for-stm32.13.3.rel1.win32_1.0.100.202509120712/tools/bin/../lib/gcc/arm-none-eabi/13.3.1/../../../../arm-none-eabi/lib/thumb/v7e-m+fp/hard\libc_nano.a(libc_a-findfp.o)
 .text.global_stdio_init.part.0
                0x0800c154       0x3c C:/ST/STM32CubeIDE_1.19.0/STM32CubeIDE/plugins/com.st.stm32cube.ide.mcu.externaltools.gnu-tools-for-stm32.13.3.rel1.win32_1.0.100.202509120712/tools/bin/../lib/gcc/arm-none-eabi/13.3.1/../../../../arm-none-eabi/lib/thumb/v7e-m+fp/hard\libc_nano.a(libc_a-findfp.o)
 .text.__sfp_lock_acquire
                0x0800c190        0xc C:/ST/STM32CubeIDE_1.19.0/STM32CubeIDE/plugins/com.st.stm32cube.ide.mcu.externaltools.gnu-tools-for-stm32.13.3.rel1.win32_1.0.100.202509120712/tools/bin/../lib/gcc/arm-none-eabi/13.3.1/../../../../arm-none-eabi/lib/thumb/v7e-m+fp/hard\libc_nano.a(libc_a-findfp.o)
                0x0800c190                __sfp_lock_acquire
 .text.__sfp_lock_release
                0x0800c19c        0xc C:/ST/STM32CubeIDE_1.19.0/STM32CubeIDE/plugins/com.st.stm32cube.ide.mcu.externaltools.gnu-tools-for-stm32.13.3.rel1.win32_1.0.100.202509120712/tools/bin/../lib/gcc/arm-none-eabi/13.3.1/../../../../arm-none-eabi/lib/thumb/v7e-m+fp/hard\libc_nano.a(libc_a-findfp.o)
                0x0800c19c                __sfp_lock_release
 .text.__sinit  0x0800c1a8       0x30 C:/ST/STM32CubeIDE_1.19.0/STM32CubeIDE/plugins/com.st.stm32cube.ide.mcu.externaltools.gnu-tools-for-stm32.13.3.rel1.win32_1.0.100.202509120712/tools/bin/../lib/gcc/arm-none-eabi/13.3.1/../../../../arm-none-eabi/lib/thumb/v7e-m+fp/hard\libc_nano.a(libc_a-findfp.o)
                0x0800c1a8                __sinit
 .text._fwalk_sglue
                0x0800c1d8       0x3c C:/ST/STM32CubeIDE_1.19.0/STM32CubeIDE/plugins/com.st.stm32cube.ide.mcu.externaltools.gnu-tools-for-stm32.13.3.rel1.win32_1.0.100.202509120712/tools/bin/../lib/gcc/arm-none-eabi/13.3.1/../../../../arm-none-eabi/lib/thumb/v7e-m+fp/hard\libc_nano.a(libc_a-fwalk.o)
                0x0800c1d8                _fwalk_sglue
 .text.snprintf
                0x0800c214       0x6c C:/ST/STM32CubeIDE_1.19.0/STM32CubeIDE/plugins/com.st.stm32cube.ide.mcu.externaltools.gnu-tools-for-stm32.13.3.rel1.win32_1.0.100.202509120712/tools/bin/../lib/gcc/arm-none-eabi/13.3.1/../../../../arm-none-eabi/lib/thumb/v7e-m+fp/hard\libc_nano.a(libc_a-snprintf.o)
                0x0800c214                sniprintf
                0x0800c214                snprintf
 .text.__sread  0x0800c280       0x22 C:/ST/STM32CubeIDE_1.19.0/STM32CubeIDE/plugins/com.st.stm32cube.ide.mcu.externaltools.gnu-tools-for-stm32.13.3.rel1.win32_1.0.100.202509120712/tools/bin/../lib/gcc/arm-none-eabi/13.3.1/../../../../arm-none-eabi/lib/thumb/v7e-m+fp/hard\libc_nano.a(libc_a-stdio.o)
                0x0800c280                __sread
 .text.__swrite
                0x0800c2a2       0x38 C:/ST/STM32CubeIDE_1.19.0/STM32CubeIDE/plugins/com.st.stm32cube.ide.mcu.externaltools.gnu-tools-for-stm32.13.3.rel1.win32_1.0.100.202509120712/tools/bin/../lib/gcc/arm-none-eabi/13.3.1/../../../../arm-none-eabi/lib/thumb/v7e-m+fp/hard\libc_nano.a(libc_a-stdio.o)
                0x0800c2a2                __swrite
 .text.__sseek  0x0800c2da       0x24 C:/ST/STM32CubeIDE_1.19.0/STM32CubeIDE/plugins/com.st.stm32cube.ide.mcu.externaltools.gnu-tools-for-stm32.13.3.rel1.win32_1.0.100.202509120712/tools/bin/../lib/gcc/arm-none-eabi/13.3.1/../../../../arm-none-eabi/lib/thumb/v7e-m+fp/hard\libc_nano.a(libc_a-stdio.o)
                0x0800c2da                __sseek
 .text.__sclose
                0x0800c2fe        0x8 C:/ST/STM32CubeIDE_1.19.0/STM32CubeIDE/plugins/com.st.stm32cube.ide.mcu.externaltools.gnu-tools-for-stm32.13.3.rel1.win32_1.0.100.202509120712/tools/bin/../lib/gcc/arm-none-eabi/13.3.1/../../../../arm-none-eabi/lib/thumb/v7e-m+fp/hard\libc_nano.a(libc_a-stdio.o)
                0x0800c2fe                __sclose
 .text.memset   0x0800c306       0x10 C:/ST/STM32CubeIDE_1.19.0/STM32CubeIDE/plugins/com.st.stm32cube.ide.mcu.externaltools.gnu-tools-for-stm32.13.3.rel1.win32_1.0.100.202509120712/tools/bin/../lib/gcc/arm-none-eabi/13.3.1/../../../../arm-none-eabi/lib/thumb/v7e-m+fp/hard\libc_nano.a(libc_a-memset.o)
                0x0800c306                memset
 .text.strncmp  0x0800c316       0x24 C:/ST/STM32CubeIDE_1.19.0/STM32CubeIDE/plugins/com.st.stm32cube.ide.mcu.externaltools.gnu-tools-for-stm32.13.3.rel1.win32_1.0.100.202509120712/tools/bin/../lib/gcc/arm-none-eabi/13.3.1/../../../../arm-none-eabi/lib/thumb/v7e-m+fp/hard\libc_nano.a(libc_a-strncmp.o)
                0x0800c316                strncmp
 .text.strncpy  0x0800c33a       0x26 C:/ST/STM32CubeIDE_1.19.0/STM32CubeIDE/plugins/com.st.stm32cube.ide.mcu.externaltools.gnu-tools-for-stm32.13.3.rel1.win32_1.0.100.202509120712/tools/bin/../lib/gcc/arm-none-eabi/13.3.1/../../../../arm-none-eabi/lib/thumb/v7e-m+fp/hard\libc_nano.a(libc_a-strncpy.o)
                0x0800c33a                strncpy
 .text._close_r
                0x0800c360       0x20 C:/ST/STM32CubeIDE_1.19.0/STM32CubeIDE/plugins/com.st.stm32cube.ide.mcu.externaltools.gnu-tools-for-stm32.13.3.rel1.win32_1.0.100.202509120712/tools/bin/../lib/gcc/arm-none-eabi/13.3.1/../../../../arm-none-eabi/lib/thumb/v7e-m+fp/hard\libc_nano.a(libc_a-closer.o)
                0x0800c360                _close_r
 .text._lseek_r
                0x0800c380       0x24 C:/ST/STM32CubeIDE_1.19.0/STM32CubeIDE/plugins/com.st.stm32cube.ide.mcu.externaltools.gnu-tools-for-stm32.13.3.rel1.win32_1.0.100.202509120712/tools/bin/../lib/gcc/arm-none-eabi/13.3.1/../../../../arm-none-eabi/lib/thumb/v7e-m+fp/hard\libc_nano.a(libc_a-lseekr.o)
                0x0800c380                _lseek_r
 .text._read_r  0x0800c3a4       0x24 C:/ST/STM32CubeIDE_1.19.0/STM32CubeIDE/plugins/com.st.stm32cube.ide.mcu.externaltools.gnu-tools-for-stm32.13.3.rel1.win32_1.0.100.202509120712/tools/bin/../lib/gcc/arm-none-eabi/13.3.1/../../../../arm-none-eabi/lib/thumb/v7e-m+fp/hard\libc_nano.a(libc_a-readr.o)
                0x0800c3a4                _read_r
 .text._write_r
                0x0800c3c8       0x24 C:/ST/STM32CubeIDE_1.19.0/STM32CubeIDE/plugins/com.st.stm32cube.ide.mcu.externaltools.gnu-tools-for-stm32.13.3.rel1.win32_1.0.100.202509120712/tools/bin/../lib/gcc/arm-none-eabi/13.3.1/../../../../arm-none-eabi/lib/thumb/v7e-m+fp/hard\libc_nano.a(libc_a-writer.o)
                0x0800c3c8                _write_r
 .text.__errno  0x0800c3ec        0xc C:/ST/STM32CubeIDE_1.19.0/STM32CubeIDE/plugins/com.st.stm32cube.ide.mcu.externaltools.gnu-tools-for-stm32.13.3.rel1.win32_1.0.100.202509120712/tools/bin/../lib/gcc/arm-none-eabi/13.3.1/../../../../arm-none-eabi/lib/thumb/v7e-m+fp/hard\libc_nano.a(libc_a-errno.o)
                0x0800c3ec                __errno
 .text.__libc_init_array
                0x0800c3f8       0x48 C:/ST/STM32CubeIDE_1.19.0/STM32CubeIDE/plugins/com.st.stm32cube.ide.mcu.externaltools.gnu-tools-for-stm32.13.3.rel1.win32_1.0.100.202509120712/tools/bin/../lib/gcc/arm-none-eabi/13.3.1/../../../../arm-none-eabi/lib/thumb/v7e-m+fp/hard\libc_nano.a(libc_a-init.o)
                0x0800c3f8                __libc_init_array
 .text.__retarget_lock_init_recursive
                0x0800c440        0x2 C:/ST/STM32CubeIDE_1.19.0/STM32CubeIDE/plugins/com.st.stm32cube.ide.mcu.externaltools.gnu-tools-for-stm32.13.3.rel1.win32_1.0.100.202509120712/tools/bin/../lib/gcc/arm-none-eabi/13.3.1/../../../../arm-none-eabi/lib/thumb/v7e-m+fp/hard\libc_nano.a(libc_a-lock.o)
                0x0800c440                __retarget_lock_init_recursive
 .text.__retarget_lock_acquire_recursive
                0x0800c442        0x2 C:/ST/STM32CubeIDE_1.19.0/STM32CubeIDE/plugins/com.st.stm32cube.ide.mcu.externaltools.gnu-tools-for-stm32.13.3.rel1.win32_1.0.100.202509120712/tools/bin/../lib/gcc/arm-none-eabi/13.3.1/../../../../arm-none-eabi/lib/thumb/v7e-m+fp/hard\libc_nano.a(libc_a-lock.o)
                0x0800c442                __retarget_lock_acquire_recursive
 .text.__retarget_lock_release_recursive
                0x0800c444        0x2 C:/ST/STM32CubeIDE_1.19.0/STM32CubeIDE/plugins/com.st.stm32cube.ide.mcu.externaltools.gnu-tools-for-stm32.13.3.rel1.win32_1.0.100.202509120712/tools/bin/../lib/gcc/arm-none-eabi/13.3.1/../../../../arm-none-eabi/lib/thumb/v7e-m+fp/hard\libc_nano.a(libc_a-lock.o)
                0x0800c444                __retarget_lock_release_recursive
 .text.memcpy   0x0800c446       0x1c C:/ST/STM32CubeIDE_1.19.0/STM32CubeIDE/plugins/com.st.stm32cube.ide.mcu.externaltools.gnu-tools-for-stm32.13.3.rel1.win32_1.0.100.202509120712/tools/bin/../lib/gcc/arm-none-eabi/13.3.1/../../../../arm-none-eabi/lib/thumb/v7e-m+fp/hard\libc_nano.a(libc_a-memcpy-stub.o)
                0x0800c446                memcpy
 *fill*         0x0800c462        0x6 
 .text.nan      0x0800c468       0x10 C:/ST/STM32CubeIDE_1.19.0/STM32CubeIDE/plugins/com.st.stm32cube.ide.mcu.externaltools.gnu-tools-for-stm32.13.3.rel1.win32_1.0.100.202509120712/tools/bin/../lib/gcc/arm-none-eabi/13.3.1/../../../../arm-none-eabi/lib/thumb/v7e-m+fp/hard\libc_nano.a(libm_a-s_nan.o)
                0x0800c468                nan
 .text.nanf     0x0800c478        0xc C:/ST/STM32CubeIDE_1.19.0/STM32CubeIDE/plugins/com.st.stm32cube.ide.mcu.externaltools.gnu-tools-for-stm32.13.3.rel1.win32_1.0.100.202509120712/tools/bin/../lib/gcc/arm-none-eabi/13.3.1/../../../../arm-none-eabi/lib/thumb/v7e-m+fp/hard\libc_nano.a(libm_a-sf_nan.o)
                0x0800c478                nanf
 .text._free_r  0x0800c484       0x94 C:/ST/STM32CubeIDE_1.19.0/STM32CubeIDE/plugins/com.st.stm32cube.ide.mcu.externaltools.gnu-tools-for-stm32.13.3.rel1.win32_1.0.100.202509120712/tools/bin/../lib/gcc/arm-none-eabi/13.3.1/../../../../arm-none-eabi/lib/thumb/v7e-m+fp/hard\libc_nano.a(libc_a-freer.o)
                0x0800c484                _free_r
 .text.rshift   0x0800c518       0xa4 C:/ST/STM32CubeIDE_1.19.0/STM32CubeIDE/plugins/com.st.stm32cube.ide.mcu.externaltools.gnu-tools-for-stm32.13.3.rel1.win32_1.0.100.202509120712/tools/bin/../lib/gcc/arm-none-eabi/13.3.1/../../../../arm-none-eabi/lib/thumb/v7e-m+fp/hard\libc_nano.a(libc_a-gdtoa-gethex.o)
 .text.__hexdig_fun
                0x0800c5bc       0x2a C:/ST/STM32CubeIDE_1.19.0/STM32CubeIDE/plugins/com.st.stm32cube.ide.mcu.externaltools.gnu-tools-for-stm32.13.3.rel1.win32_1.0.100.202509120712/tools/bin/../lib/gcc/arm-none-eabi/13.3.1/../../../../arm-none-eabi/lib/thumb/v7e-m+fp/hard\libc_nano.a(libc_a-gdtoa-gethex.o)
                0x0800c5bc                __hexdig_fun
 *fill*         0x0800c5e6        0x2 
 .text.__gethex
                0x0800c5e8      0x420 C:/ST/STM32CubeIDE_1.19.0/STM32CubeIDE/plugins/com.st.stm32cube.ide.mcu.externaltools.gnu-tools-for-stm32.13.3.rel1.win32_1.0.100.202509120712/tools/bin/../lib/gcc/arm-none-eabi/13.3.1/../../../../arm-none-eabi/lib/thumb/v7e-m+fp/hard\libc_nano.a(libc_a-gdtoa-gethex.o)
                0x0800c5e8                __gethex
 .text.L_shift  0x0800ca08       0x24 C:/ST/STM32CubeIDE_1.19.0/STM32CubeIDE/plugins/com.st.stm32cube.ide.mcu.externaltools.gnu-tools-for-stm32.13.3.rel1.win32_1.0.100.202509120712/tools/bin/../lib/gcc/arm-none-eabi/13.3.1/../../../../arm-none-eabi/lib/thumb/v7e-m+fp/hard\libc_nano.a(libc_a-gdtoa-hexnan.o)
 .text.__match  0x0800ca2c       0x28 C:/ST/STM32CubeIDE_1.19.0/STM32CubeIDE/plugins/com.st.stm32cube.ide.mcu.externaltools.gnu-tools-for-stm32.13.3.rel1.win32_1.0.100.202509120712/tools/bin/../lib/gcc/arm-none-eabi/13.3.1/../../../../arm-none-eabi/lib/thumb/v7e-m+fp/hard\libc_nano.a(libc_a-gdtoa-hexnan.o)
                0x0800ca2c                __match
 .text.__hexnan
                0x0800ca54      0x136 C:/ST/STM32CubeIDE_1.19.0/STM32CubeIDE/plugins/com.st.stm32cube.ide.mcu.externaltools.gnu-tools-for-stm32.13.3.rel1.win32_1.0.100.202509120712/tools/bin/../lib/gcc/arm-none-eabi/13.3.1/../../../../arm-none-eabi/lib/thumb/v7e-m+fp/hard\libc_nano.a(libc_a-gdtoa-hexnan.o)
                0x0800ca54                __hexnan
 *fill*         0x0800cb8a        0x2 
 .text.sbrk_aligned
                0x0800cb8c       0x44 C:/ST/STM32CubeIDE_1.19.0/STM32CubeIDE/plugins/com.st.stm32cube.ide.mcu.externaltools.gnu-tools-for-stm32.13.3.rel1.win32_1.0.100.202509120712/tools/bin/../lib/gcc/arm-none-eabi/13.3.1/../../../../arm-none-eabi/lib/thumb/v7e-m+fp/hard\libc_nano.a(libc_a-mallocr.o)
 .text._malloc_r
                0x0800cbd0      0x100 C:/ST/STM32CubeIDE_1.19.0/STM32CubeIDE/plugins/com.st.stm32cube.ide.mcu.externaltools.gnu-tools-for-stm32.13.3.rel1.win32_1.0.100.202509120712/tools/bin/../lib/gcc/arm-none-eabi/13.3.1/../../../../arm-none-eabi/lib/thumb/v7e-m+fp/hard\libc_nano.a(libc_a-mallocr.o)
                0x0800cbd0                _malloc_r
 .text.__ascii_mbtowc
                0x0800ccd0       0x24 C:/ST/STM32CubeIDE_1.19.0/STM32CubeIDE/plugins/com.st.stm32cube.ide.mcu.externaltools.gnu-tools-for-stm32.13.3.rel1.win32_1.0.100.202509120712/tools/bin/../lib/gcc/arm-none-eabi/13.3.1/../../../../arm-none-eabi/lib/thumb/v7e-m+fp/hard\libc_nano.a(libc_a-mbtowc_r.o)
                0x0800ccd0                __ascii_mbtowc
 .text.__malloc_lock
                0x0800ccf4        0xc C:/ST/STM32CubeIDE_1.19.0/STM32CubeIDE/plugins/com.st.stm32cube.ide.mcu.externaltools.gnu-tools-for-stm32.13.3.rel1.win32_1.0.100.202509120712/tools/bin/../lib/gcc/arm-none-eabi/13.3.1/../../../../arm-none-eabi/lib/thumb/v7e-m+fp/hard\libc_nano.a(libc_a-mlock.o)
                0x0800ccf4                __malloc_lock
 .text.__malloc_unlock
                0x0800cd00        0xc C:/ST/STM32CubeIDE_1.19.0/STM32CubeIDE/plugins/com.st.stm32cube.ide.mcu.externaltools.gnu-tools-for-stm32.13.3.rel1.win32_1.0.100.202509120712/tools/bin/../lib/gcc/arm-none-eabi/13.3.1/../../../../arm-none-eabi/lib/thumb/v7e-m+fp/hard\libc_nano.a(libc_a-mlock.o)
                0x0800cd00                __malloc_unlock
 .text._Balloc  0x0800cd0c       0x80 C:/ST/STM32CubeIDE_1.19.0/STM32CubeIDE/plugins/com.st.stm32cube.ide.mcu.externaltools.gnu-tools-for-stm32.13.3.rel1.win32_1.0.100.202509120712/tools/bin/../lib/gcc/arm-none-eabi/13.3.1/../../../../arm-none-eabi/lib/thumb/v7e-m+fp/hard\libc_nano.a(libc_a-mprec.o)
                0x0800cd0c                _Balloc
 .text._Bfree   0x0800cd8c       0x44 C:/ST/STM32CubeIDE_1.19.0/STM32CubeIDE/plugins/com.st.stm32cube.ide.mcu.externaltools.gnu-tools-for-stm32.13.3.rel1.win32_1.0.100.202509120712/tools/bin/../lib/gcc/arm-none-eabi/13.3.1/../../../../arm-none-eabi/lib/thumb/v7e-m+fp/hard\libc_nano.a(libc_a-mprec.o)
                0x0800cd8c                _Bfree
 .text.__multadd
                0x0800cdd0       0x8c C:/ST/STM32CubeIDE_1.19.0/STM32CubeIDE/plugins/com.st.stm32cube.ide.mcu.externaltools.gnu-tools-for-stm32.13.3.rel1.win32_1.0.100.202509120712/tools/bin/../lib/gcc/arm-none-eabi/13.3.1/../../../../arm-none-eabi/lib/thumb/v7e-m+fp/hard\libc_nano.a(libc_a-mprec.o)
                0x0800cdd0                __multadd
 .text.__s2b    0x0800ce5c       0x94 C:/ST/STM32CubeIDE_1.19.0/STM32CubeIDE/plugins/com.st.stm32cube.ide.mcu.externaltools.gnu-tools-for-stm32.13.3.rel1.win32_1.0.100.202509120712/tools/bin/../lib/gcc/arm-none-eabi/13.3.1/../../../../arm-none-eabi/lib/thumb/v7e-m+fp/hard\libc_nano.a(libc_a-mprec.o)
                0x0800ce5c                __s2b
 .text.__hi0bits
                0x0800cef0       0x3e C:/ST/STM32CubeIDE_1.19.0/STM32CubeIDE/plugins/com.st.stm32cube.ide.mcu.externaltools.gnu-tools-for-stm32.13.3.rel1.win32_1.0.100.202509120712/tools/bin/../lib/gcc/arm-none-eabi/13.3.1/../../../../arm-none-eabi/lib/thumb/v7e-m+fp/hard\libc_nano.a(libc_a-mprec.o)
                0x0800cef0                __hi0bits
 .text.__lo0bits
                0x0800cf2e       0x5a C:/ST/STM32CubeIDE_1.19.0/STM32CubeIDE/plugins/com.st.stm32cube.ide.mcu.externaltools.gnu-tools-for-stm32.13.3.rel1.win32_1.0.100.202509120712/tools/bin/../lib/gcc/arm-none-eabi/13.3.1/../../../../arm-none-eabi/lib/thumb/v7e-m+fp/hard\libc_nano.a(libc_a-mprec.o)
                0x0800cf2e                __lo0bits
 .text.__i2b    0x0800cf88       0x2c C:/ST/STM32CubeIDE_1.19.0/STM32CubeIDE/plugins/com.st.stm32cube.ide.mcu.externaltools.gnu-tools-for-stm32.13.3.rel1.win32_1.0.100.202509120712/tools/bin/../lib/gcc/arm-none-eabi/13.3.1/../../../../arm-none-eabi/lib/thumb/v7e-m+fp/hard\libc_nano.a(libc_a-mprec.o)
                0x0800cf88                __i2b
 .text.__multiply
                0x0800cfb4      0x144 C:/ST/STM32CubeIDE_1.19.0/STM32CubeIDE/plugins/com.st.stm32cube.ide.mcu.externaltools.gnu-tools-for-stm32.13.3.rel1.win32_1.0.100.202509120712/tools/bin/../lib/gcc/arm-none-eabi/13.3.1/../../../../arm-none-eabi/lib/thumb/v7e-m+fp/hard\libc_nano.a(libc_a-mprec.o)
                0x0800cfb4                __multiply
 .text.__pow5mult
                0x0800d0f8       0xb4 C:/ST/STM32CubeIDE_1.19.0/STM32CubeIDE/plugins/com.st.stm32cube.ide.mcu.externaltools.gnu-tools-for-stm32.13.3.rel1.win32_1.0.100.202509120712/tools/bin/../lib/gcc/arm-none-eabi/13.3.1/../../../../arm-none-eabi/lib/thumb/v7e-m+fp/hard\libc_nano.a(libc_a-mprec.o)
                0x0800d0f8                __pow5mult
 .text.__lshift
                0x0800d1ac       0xd8 C:/ST/STM32CubeIDE_1.19.0/STM32CubeIDE/plugins/com.st.stm32cube.ide.mcu.externaltools.gnu-tools-for-stm32.13.3.rel1.win32_1.0.100.202509120712/tools/bin/../lib/gcc/arm-none-eabi/13.3.1/../../../../arm-none-eabi/lib/thumb/v7e-m+fp/hard\libc_nano.a(libc_a-mprec.o)
                0x0800d1ac                __lshift
 .text.__mcmp   0x0800d284       0x36 C:/ST/STM32CubeIDE_1.19.0/STM32CubeIDE/plugins/com.st.stm32cube.ide.mcu.externaltools.gnu-tools-for-stm32.13.3.rel1.win32_1.0.100.202509120712/tools/bin/../lib/gcc/arm-none-eabi/13.3.1/../../../../arm-none-eabi/lib/thumb/v7e-m+fp/hard\libc_nano.a(libc_a-mprec.o)
                0x0800d284                __mcmp
 *fill*         0x0800d2ba        0x2 
 .text.__mdiff  0x0800d2bc      0x128 C:/ST/STM32CubeIDE_1.19.0/STM32CubeIDE/plugins/com.st.stm32cube.ide.mcu.externaltools.gnu-tools-for-stm32.13.3.rel1.win32_1.0.100.202509120712/tools/bin/../lib/gcc/arm-none-eabi/13.3.1/../../../../arm-none-eabi/lib/thumb/v7e-m+fp/hard\libc_nano.a(libc_a-mprec.o)
                0x0800d2bc                __mdiff
 .text.__ulp    0x0800d3e4       0x4c C:/ST/STM32CubeIDE_1.19.0/STM32CubeIDE/plugins/com.st.stm32cube.ide.mcu.externaltools.gnu-tools-for-stm32.13.3.rel1.win32_1.0.100.202509120712/tools/bin/../lib/gcc/arm-none-eabi/13.3.1/../../../../arm-none-eabi/lib/thumb/v7e-m+fp/hard\libc_nano.a(libc_a-mprec.o)
                0x0800d3e4                __ulp
 .text.__b2d    0x0800d430       0x94 C:/ST/STM32CubeIDE_1.19.0/STM32CubeIDE/plugins/com.st.stm32cube.ide.mcu.externaltools.gnu-tools-for-stm32.13.3.rel1.win32_1.0.100.202509120712/tools/bin/../lib/gcc/arm-none-eabi/13.3.1/../../../../arm-none-eabi/lib/thumb/v7e-m+fp/hard\libc_nano.a(libc_a-mprec.o)
                0x0800d430                __b2d
 .text.__d2b    0x0800d4c4       0xb0 C:/ST/STM32CubeIDE_1.19.0/STM32CubeIDE/plugins/com.st.stm32cube.ide.mcu.externaltools.gnu-tools-for-stm32.13.3.rel1.win32_1.0.100.202509120712/tools/bin/../lib/gcc/arm-none-eabi/13.3.1/../../../../arm-none-eabi/lib/thumb/v7e-m+fp/hard\libc_nano.a(libc_a-mprec.o)
                0x0800d4c4                __d2b
 .text.__ratio  0x0800d574       0x64 C:/ST/STM32CubeIDE_1.19.0/STM32CubeIDE/plugins/com.st.stm32cube.ide.mcu.externaltools.gnu-tools-for-stm32.13.3.rel1.win32_1.0.100.202509120712/tools/bin/../lib/gcc/arm-none-eabi/13.3.1/../../../../arm-none-eabi/lib/thumb/v7e-m+fp/hard\libc_nano.a(libc_a-mprec.o)
                0x0800d574                __ratio
 .text.__copybits
                0x0800d5d8       0x46 C:/ST/STM32CubeIDE_1.19.0/STM32CubeIDE/plugins/com.st.stm32cube.ide.mcu.externaltools.gnu-tools-for-stm32.13.3.rel1.win32_1.0.100.202509120712/tools/bin/../lib/gcc/arm-none-eabi/13.3.1/../../../../arm-none-eabi/lib/thumb/v7e-m+fp/hard\libc_nano.a(libc_a-mprec.o)
                0x0800d5d8                __copybits
 .text.__any_on
                0x0800d61e       0x42 C:/ST/STM32CubeIDE_1.19.0/STM32CubeIDE/plugins/com.st.stm32cube.ide.mcu.externaltools.gnu-tools-for-stm32.13.3.rel1.win32_1.0.100.202509120712/tools/bin/../lib/gcc/arm-none-eabi/13.3.1/../../../../arm-none-eabi/lib/thumb/v7e-m+fp/hard\libc_nano.a(libc_a-mprec.o)
                0x0800d61e                __any_on
 .text.__ascii_wctomb
                0x0800d660       0x1a C:/ST/STM32CubeIDE_1.19.0/STM32CubeIDE/plugins/com.st.stm32cube.ide.mcu.externaltools.gnu-tools-for-stm32.13.3.rel1.win32_1.0.100.202509120712/tools/bin/../lib/gcc/arm-none-eabi/13.3.1/../../../../arm-none-eabi/lib/thumb/v7e-m+fp/hard\libc_nano.a(libc_a-wctomb_r.o)
                0x0800d660                __ascii_wctomb
 .text.__ssputs_r
                0x0800d67a       0xb6 C:/ST/STM32CubeIDE_1.19.0/STM32CubeIDE/plugins/com.st.stm32cube.ide.mcu.externaltools.gnu-tools-for-stm32.13.3.rel1.win32_1.0.100.202509120712/tools/bin/../lib/gcc/arm-none-eabi/13.3.1/../../../../arm-none-eabi/lib/thumb/v7e-m+fp/hard\libc_nano.a(libc_a-nano-svfprintf.o)
                0x0800d67a                __ssputs_r
 .text._svfprintf_r
                0x0800d730      0x1f8 C:/ST/STM32CubeIDE_1.19.0/STM32CubeIDE/plugins/com.st.stm32cube.ide.mcu.externaltools.gnu-tools-for-stm32.13.3.rel1.win32_1.0.100.202509120712/tools/bin/../lib/gcc/arm-none-eabi/13.3.1/../../../../arm-none-eabi/lib/thumb/v7e-m+fp/hard\libc_nano.a(libc_a-nano-svfprintf.o)
                0x0800d730                _svfiprintf_r
                0x0800d730                _svfprintf_r
 .text._printf_common
                0x0800d928       0xda C:/ST/STM32CubeIDE_1.19.0/STM32CubeIDE/plugins/com.st.stm32cube.ide.mcu.externaltools.gnu-tools-for-stm32.13.3.rel1.win32_1.0.100.202509120712/tools/bin/../lib/gcc/arm-none-eabi/13.3.1/../../../../arm-none-eabi/lib/thumb/v7e-m+fp/hard\libc_nano.a(libc_a-nano-vfprintf_i.o)
                0x0800d928                _printf_common
 *fill*         0x0800da02        0x2 
 .text._printf_i
                0x0800da04      0x23c C:/ST/STM32CubeIDE_1.19.0/STM32CubeIDE/plugins/com.st.stm32cube.ide.mcu.externaltools.gnu-tools-for-stm32.13.3.rel1.win32_1.0.100.202509120712/tools/bin/../lib/gcc/arm-none-eabi/13.3.1/../../../../arm-none-eabi/lib/thumb/v7e-m+fp/hard\libc_nano.a(libc_a-nano-vfprintf_i.o)
                0x0800da04                _printf_i
 .text.__sflush_r
                0x0800dc40      0x108 C:/ST/STM32CubeIDE_1.19.0/STM32CubeIDE/plugins/com.st.stm32cube.ide.mcu.externaltools.gnu-tools-for-stm32.13.3.rel1.win32_1.0.100.202509120712/tools/bin/../lib/gcc/arm-none-eabi/13.3.1/../../../../arm-none-eabi/lib/thumb/v7e-m+fp/hard\libc_nano.a(libc_a-fflush.o)
                0x0800dc40                __sflush_r
 .text._fflush_r
                0x0800dd48       0x50 C:/ST/STM32CubeIDE_1.19.0/STM32CubeIDE/plugins/com.st.stm32cube.ide.mcu.externaltools.gnu-tools-for-stm32.13.3.rel1.win32_1.0.100.202509120712/tools/bin/../lib/gcc/arm-none-eabi/13.3.1/../../../../arm-none-eabi/lib/thumb/v7e-m+fp/hard\libc_nano.a(libc_a-fflush.o)
                0x0800dd48                _fflush_r
 .text.memmove  0x0800dd98       0x34 C:/ST/STM32CubeIDE_1.19.0/STM32CubeIDE/plugins/com.st.stm32cube.ide.mcu.externaltools.gnu-tools-for-stm32.13.3.rel1.win32_1.0.100.202509120712/tools/bin/../lib/gcc/arm-none-eabi/13.3.1/../../../../arm-none-eabi/lib/thumb/v7e-m+fp/hard\libc_nano.a(libc_a-memmove.o)
                0x0800dd98                memmove
 .text._sbrk_r  0x0800ddcc       0x20 C:/ST/STM32CubeIDE_1.19.0/STM32CubeIDE/plugins/com.st.stm32cube.ide.mcu.externaltools.gnu-tools-for-stm32.13.3.rel1.win32_1.0.100.202509120712/tools/bin/../lib/gcc/arm-none-eabi/13.3.1/../../../../arm-none-eabi/lib/thumb/v7e-m+fp/hard\libc_nano.a(libc_a-sbrkr.o)
                0x0800ddcc                _sbrk_r
 .text.__assert_func
                0x0800ddec       0x3c C:/ST/STM32CubeIDE_1.19.0/STM32CubeIDE/plugins/com.st.stm32cube.ide.mcu.externaltools.gnu-tools-for-stm32.13.3.rel1.win32_1.0.100.202509120712/tools/bin/../lib/gcc/arm-none-eabi/13.3.1/../../../../arm-none-eabi/lib/thumb/v7e-m+fp/hard\libc_nano.a(libc_a-assert.o)
                0x0800ddec                __assert_func
 .text._calloc_r
                0x0800de28       0x28 C:/ST/STM32CubeIDE_1.19.0/STM32CubeIDE/plugins/com.st.stm32cube.ide.mcu.externaltools.gnu-tools-for-stm32.13.3.rel1.win32_1.0.100.202509120712/tools/bin/../lib/gcc/arm-none-eabi/13.3.1/../../../../arm-none-eabi/lib/thumb/v7e-m+fp/hard\libc_nano.a(libc_a-callocr.o)
                0x0800de28                _calloc_r
 .text.malloc   0x0800de50       0x10 C:/ST/STM32CubeIDE_1.19.0/STM32CubeIDE/plugins/com.st.stm32cube.ide.mcu.externaltools.gnu-tools-for-stm32.13.3.rel1.win32_1.0.100.202509120712/tools/bin/../lib/gcc/arm-none-eabi/13.3.1/../../../../arm-none-eabi/lib/thumb/v7e-m+fp/hard\libc_nano.a(libc_a-malloc.o)
                0x0800de50                malloc
 .text._realloc_r
                0x0800de60       0x5c C:/ST/STM32CubeIDE_1.19.0/STM32CubeIDE/plugins/com.st.stm32cube.ide.mcu.externaltools.gnu-tools-for-stm32.13.3.rel1.win32_1.0.100.202509120712/tools/bin/../lib/gcc/arm-none-eabi/13.3.1/../../../../arm-none-eabi/lib/thumb/v7e-m+fp/hard\libc_nano.a(libc_a-reallocr.o)
                0x0800de60                _realloc_r
 .text.fprintf  0x0800debc       0x24 C:/ST/STM32CubeIDE_1.19.0/STM32CubeIDE/plugins/com.st.stm32cube.ide.mcu.externaltools.gnu-tools-for-stm32.13.3.rel1.win32_1.0.100.202509120712/tools/bin/../lib/gcc/arm-none-eabi/13.3.1/../../../../arm-none-eabi/lib/thumb/v7e-m+fp/hard\libc_nano.a(libc_a-fprintf.o)
                0x0800debc                fiprintf
                0x0800debc                fprintf
 .text.abort    0x0800dee0        0xe C:/ST/STM32CubeIDE_1.19.0/STM32CubeIDE/plugins/com.st.stm32cube.ide.mcu.externaltools.gnu-tools-for-stm32.13.3.rel1.win32_1.0.100.202509120712/tools/bin/../lib/gcc/arm-none-eabi/13.3.1/../../../../arm-none-eabi/lib/thumb/v7e-m+fp/hard\libc_nano.a(libc_a-abort.o)
                0x0800dee0                abort
 .text._malloc_usable_size_r
                0x0800deee       0x10 C:/ST/STM32CubeIDE_1.19.0/STM32CubeIDE/plugins/com.st.stm32cube.ide.mcu.externaltools.gnu-tools-for-stm32.13.3.rel1.win32_1.0.100.202509120712/tools/bin/../lib/gcc/arm-none-eabi/13.3.1/../../../../arm-none-eabi/lib/thumb/v7e-m+fp/hard\libc_nano.a(libc_a-msizer.o)
                0x0800deee                _malloc_usable_size_r
 .text.__sfputc_r
                0x0800defe       0x2e C:/ST/STM32CubeIDE_1.19.0/STM32CubeIDE/plugins/com.st.stm32cube.ide.mcu.externaltools.gnu-tools-for-stm32.13.3.rel1.win32_1.0.100.202509120712/tools/bin/../lib/gcc/arm-none-eabi/13.3.1/../../../../arm-none-eabi/lib/thumb/v7e-m+fp/hard\libc_nano.a(libc_a-nano-vfprintf.o)
 .text.__sfputs_r
                0x0800df2c       0x24 C:/ST/STM32CubeIDE_1.19.0/STM32CubeIDE/plugins/com.st.stm32cube.ide.mcu.externaltools.gnu-tools-for-stm32.13.3.rel1.win32_1.0.100.202509120712/tools/bin/../lib/gcc/arm-none-eabi/13.3.1/../../../../arm-none-eabi/lib/thumb/v7e-m+fp/hard\libc_nano.a(libc_a-nano-vfprintf.o)
                0x0800df2c                __sfputs_r
 .text._vfprintf_r
                0x0800df50      0x230 C:/ST/STM32CubeIDE_1.19.0/STM32CubeIDE/plugins/com.st.stm32cube.ide.mcu.externaltools.gnu-tools-for-stm32.13.3.rel1.win32_1.0.100.202509120712/tools/bin/../lib/gcc/arm-none-eabi/13.3.1/../../../../arm-none-eabi/lib/thumb/v7e-m+fp/hard\libc_nano.a(libc_a-nano-vfprintf.o)
                0x0800df50                _vfprintf_r
                0x0800df50                _vfiprintf_r
 .text.__swbuf_r
                0x0800e180       0x7c C:/ST/STM32CubeIDE_1.19.0/STM32CubeIDE/plugins/com.st.stm32cube.ide.mcu.externaltools.gnu-tools-for-stm32.13.3.rel1.win32_1.0.100.202509120712/tools/bin/../lib/gcc/arm-none-eabi/13.3.1/../../../../arm-none-eabi/lib/thumb/v7e-m+fp/hard\libc_nano.a(libc_a-wbuf.o)
                0x0800e180                __swbuf_r
 .text.__swsetup_r
                0x0800e1fc       0xac C:/ST/STM32CubeIDE_1.19.0/STM32CubeIDE/plugins/com.st.stm32cube.ide.mcu.externaltools.gnu-tools-for-stm32.13.3.rel1.win32_1.0.100.202509120712/tools/bin/../lib/gcc/arm-none-eabi/13.3.1/../../../../arm-none-eabi/lib/thumb/v7e-m+fp/hard\libc_nano.a(libc_a-wsetup.o)
                0x0800e1fc                __swsetup_r
 .text._raise_r
                0x0800e2a8       0x50 C:/ST/STM32CubeIDE_1.19.0/STM32CubeIDE/plugins/com.st.stm32cube.ide.mcu.externaltools.gnu-tools-for-stm32.13.3.rel1.win32_1.0.100.202509120712/tools/bin/../lib/gcc/arm-none-eabi/13.3.1/../../../../arm-none-eabi/lib/thumb/v7e-m+fp/hard\libc_nano.a(libc_a-signal.o)
                0x0800e2a8                _raise_r
 .text.raise    0x0800e2f8       0x10 C:/ST/STM32CubeIDE_1.19.0/STM32CubeIDE/plugins/com.st.stm32cube.ide.mcu.externaltools.gnu-tools-for-stm32.13.3.rel1.win32_1.0.100.202509120712/tools/bin/../lib/gcc/arm-none-eabi/13.3.1/../../../../arm-none-eabi/lib/thumb/v7e-m+fp/hard\libc_nano.a(libc_a-signal.o)
                0x0800e2f8                raise
 .text._kill_r  0x0800e308       0x24 C:/ST/STM32CubeIDE_1.19.0/STM32CubeIDE/plugins/com.st.stm32cube.ide.mcu.externaltools.gnu-tools-for-stm32.13.3.rel1.win32_1.0.100.202509120712/tools/bin/../lib/gcc/arm-none-eabi/13.3.1/../../../../arm-none-eabi/lib/thumb/v7e-m+fp/hard\libc_nano.a(libc_a-signalr.o)
                0x0800e308                _kill_r
 .text._getpid_r
                0x0800e32c        0x4 C:/ST/STM32CubeIDE_1.19.0/STM32CubeIDE/plugins/com.st.stm32cube.ide.mcu.externaltools.gnu-tools-for-stm32.13.3.rel1.win32_1.0.100.202509120712/tools/bin/../lib/gcc/arm-none-eabi/13.3.1/../../../../arm-none-eabi/lib/thumb/v7e-m+fp/hard\libc_nano.a(libc_a-signalr.o)
                0x0800e32c                _getpid_r
 .text.__swhatbuf_r
                0x0800e330       0x4c C:/ST/STM32CubeIDE_1.19.0/STM32CubeIDE/plugins/com.st.stm32cube.ide.mcu.externaltools.gnu-tools-for-stm32.13.3.rel1.win32_1.0.100.202509120712/tools/bin/../lib/gcc/arm-none-eabi/13.3.1/../../../../arm-none-eabi/lib/thumb/v7e-m+fp/hard\libc_nano.a(libc_a-makebuf.o)
                0x0800e330                __swhatbuf_r
 .text.__smakebuf_r
                0x0800e37c       0x78 C:/ST/STM32CubeIDE_1.19.0/STM32CubeIDE/plugins/com.st.stm32cube.ide.mcu.externaltools.gnu-tools-for-stm32.13.3.rel1.win32_1.0.100.202509120712/tools/bin/../lib/gcc/arm-none-eabi/13.3.1/../../../../arm-none-eabi/lib/thumb/v7e-m+fp/hard\libc_nano.a(libc_a-makebuf.o)
                0x0800e37c                __smakebuf_r
 .text._fstat_r
                0x0800e3f4       0x24 C:/ST/STM32CubeIDE_1.19.0/STM32CubeIDE/plugins/com.st.stm32cube.ide.mcu.externaltools.gnu-tools-for-stm32.13.3.rel1.win32_1.0.100.202509120712/tools/bin/../lib/gcc/arm-none-eabi/13.3.1/../../../../arm-none-eabi/lib/thumb/v7e-m+fp/hard\libc_nano.a(libc_a-fstatr.o)
                0x0800e3f4                _fstat_r
 .text._isatty_r
                0x0800e418       0x20 C:/ST/STM32CubeIDE_1.19.0/STM32CubeIDE/plugins/com.st.stm32cube.ide.mcu.externaltools.gnu-tools-for-stm32.13.3.rel1.win32_1.0.100.202509120712/tools/bin/../lib/gcc/arm-none-eabi/13.3.1/../../../../arm-none-eabi/lib/thumb/v7e-m+fp/hard\libc_nano.a(libc_a-isattyr.o)
                0x0800e418                _isatty_r
 *(.glue_7)
 .glue_7        0x0800e438        0x0 linker stubs
 *(.glue_7t)
 .glue_7t       0x0800e438        0x0 linker stubs
 *(.eh_frame)
 .eh_frame      0x0800e438        0x0 C:/ST/STM32CubeIDE_1.19.0/STM32CubeIDE/plugins/com.st.stm32cube.ide.mcu.externaltools.gnu-tools-for-stm32.13.3.rel1.win32_1.0.100.202509120712/tools/bin/../lib/gcc/arm-none-eabi/13.3.1/thumb/v7e-m+fp/hard/crtbegin.o
 *(.init)
 .init          0x0800e438        0x4 C:/ST/STM32CubeIDE_1.19.0/STM32CubeIDE/plugins/com.st.stm32cube.ide.mcu.externaltools.gnu-tools-for-stm32.13.3.rel1.win32_1.0.100.202509120712/tools/bin/../lib/gcc/arm-none-eabi/13.3.1/thumb/v7e-m+fp/hard/crti.o
                0x0800e438                _init
 .init          0x0800e43c        0x8 C:/ST/STM32CubeIDE_1.19.0/STM32CubeIDE/plugins/com.st.stm32cube.ide.mcu.externaltools.gnu-tools-for-stm32.13.3.rel1.win32_1.0.100.202509120712/tools/bin/../lib/gcc/arm-none-eabi/13.3.1/thumb/v7e-m+fp/hard/crtn.o
 *(.fini)
 .fini          0x0800e444        0x4 C:/ST/STM32CubeIDE_1.19.0/STM32CubeIDE/plugins/com.st.stm32cube.ide.mcu.externaltools.gnu-tools-for-stm32.13.3.rel1.win32_1.0.100.202509120712/tools/bin/../lib/gcc/arm-none-eabi/13.3.1/thumb/v7e-m+fp/hard/crti.o
                0x0800e444                _fini
 .fini          0x0800e448        0x8 C:/ST/STM32CubeIDE_1.19.0/STM32CubeIDE/plugins/com.st.stm32cube.ide.mcu.externaltools.gnu-tools-for-stm32.13.3.rel1.win32_1.0.100.202509120712/tools/bin/../lib/gcc/arm-none-eabi/13.3.1/thumb/v7e-m+fp/hard/crtn.o
                0x0800e450                        . = ALIGN (0x4)
                0x0800e450                        _etext = .

.vfp11_veneer   0x0800e450        0x0
 .vfp11_veneer  0x0800e450        0x0 linker stubs

.v4_bx          0x0800e450        0x0
 .v4_bx         0x0800e450        0x0 linker stubs

.iplt           0x0800e450        0x0
 .iplt          0x0800e450        0x0 C:/ST/STM32CubeIDE_1.19.0/STM32CubeIDE/plugins/com.st.stm32cube.ide.mcu.externaltools.gnu-tools-for-stm32.13.3.rel1.win32_1.0.100.202509120712/tools/bin/../lib/gcc/arm-none-eabi/13.3.1/thumb/v7e-m+fp/hard/crtbegin.o

.rodata         0x0800e450      0x9e4
                0x0800e450                        . = ALIGN (0x4)
 *(.rodata)
 .rodata        0x0800e450       0x1b ./Core/Src/bsp_lcd.o
 *fill*         0x0800e46b        0x1 
 .rodata        0x0800e46c       0x57 ./Core/Src/bsp_rf.o
 *fill*         0x0800e4c3        0x1 
 .rodata        0x0800e4c4       0x2c ./Core/Src/bsp_ui.o
 .rodata        0x0800e4f0      0x23a ./Core/Src/bt_manager.o
 *fill*         0x0800e72a        0x2 
 .rodata        0x0800e72c       0x5f ./Core/Src/debug_log.o
 *fill*         0x0800e78b        0x1 
 .rodata        0x0800e78c      0x171 ./Core/Src/fsm_main.o
 *fill*         0x0800e8fd        0x3 
 .rodata        0x0800e900       0x9a ./Core/Src/rf_measure.o
 *fill*         0x0800e99a        0x2 
 .rodata        0x0800e99c       0x3b ./Core/Src/usb_cdc_bridge.o
 *(.rodata*)
 *fill*         0x0800e9d7        0x1 
 .rodata.kVaricapLut
                0x0800e9d8       0x58 ./Core/Src/math_model.o
 .rodata.AHBPrescTable
                0x0800ea30       0x10 ./Core/Src/system_stm32l4xx.o
                0x0800ea30                AHBPrescTable
 .rodata.APBPrescTable
                0x0800ea40        0x8 ./Core/Src/system_stm32l4xx.o
                0x0800ea40                APBPrescTable
 .rodata.MSIRangeTable
                0x0800ea48       0x30 ./Core/Src/system_stm32l4xx.o
                0x0800ea48                MSIRangeTable
 .rodata._strtod_l.str1.1
                0x0800ea78      0x166 C:/ST/STM32CubeIDE_1.19.0/STM32CubeIDE/plugins/com.st.stm32cube.ide.mcu.externaltools.gnu-tools-for-stm32.13.3.rel1.win32_1.0.100.202509120712/tools/bin/../lib/gcc/arm-none-eabi/13.3.1/../../../../arm-none-eabi/lib/thumb/v7e-m+fp/hard\libc_nano.a(libc_a-strtod.o)
                                  0xf (size before relaxing)
 *fill*         0x0800ebde        0x2 
 .rodata.fpinan.0
                0x0800ebe0       0x14 C:/ST/STM32CubeIDE_1.19.0/STM32CubeIDE/plugins/com.st.stm32cube.ide.mcu.externaltools.gnu-tools-for-stm32.13.3.rel1.win32_1.0.100.202509120712/tools/bin/../lib/gcc/arm-none-eabi/13.3.1/../../../../arm-none-eabi/lib/thumb/v7e-m+fp/hard\libc_nano.a(libc_a-strtod.o)
 .rodata.fpi.1  0x0800ebf4       0x14 C:/ST/STM32CubeIDE_1.19.0/STM32CubeIDE/plugins/com.st.stm32cube.ide.mcu.externaltools.gnu-tools-for-stm32.13.3.rel1.win32_1.0.100.202509120712/tools/bin/../lib/gcc/arm-none-eabi/13.3.1/../../../../arm-none-eabi/lib/thumb/v7e-m+fp/hard\libc_nano.a(libc_a-strtod.o)
 .rodata.tinytens