../Core/Src/stm32l4xx_hal_msp.c:66:6:HAL_MspInit	8	static
../Core/Src/stm32l4xx_hal_msp.c:89:6:HAL_ADC_MspInit	184	static
../Core/Src/stm32l4xx_hal_msp.c:159:6:HAL_ADC_MspDeInit	8	static
../Core/Src/stm32l4xx_hal_msp.c:189:6:HAL_DAC_MspInit	40	static
../Core/Src/stm32l4xx_hal_msp.c:224:6:HAL_DAC_MspDeInit	0	static
../Core/Src/stm32l4xx_hal_msp.c:253:6:HAL_TIM_Base_MspInit	8	static
../Core/Src/stm32l4xx_hal_msp.c:270:6:HAL_TIM_MspPostInit	32	static
../Core/Src/stm32l4xx_hal_msp.c:302:6:HAL_TIM_Base_MspDeInit	0	static
../Core/Src/stm32l4xx_hal_msp.c:324:6:HAL_UART_MspInit	200	static
../Core/Src/stm32l4xx_hal_msp.c:390:6:HAL_UART_MspDeInit	8	static
