../Core/Src/main.c:91:5:main	16	static
../Core/Src/main.c:343:6:SystemClock_Config	96	static
../Core/Src/main.c:398:13:MX_ADC1_Init	48	static
../Core/Src/main.c:465:13:MX_DAC1_Init	48	static
../Core/Src/main.c:515:13:MX_IWDG_Init	8	static
../Core/Src/main.c:544:13:MX_TIM1_Init	112	static
../Core/Src/main.c:625:13:MX_TIM6_Init	24	static
../Core/Src/main.c:663:13:MX_UART4_Init	8	static
../Core/Src/main.c:698:13:MX_USART2_UART_Init	8	static
../Core/Src/main.c:731:13:MX_DMA_Init	16	static
../Core/Src/main.c:755:13:MX_GPIO_Init	48	static
../Core/Src/main.c:834:6:Error_Handler	8	static,ignoring_inline_asm
