../Core/Src/main.c:91:5:main	16	static
../Core/Src/main.c:333:6:SystemClock_Config	96	static
../Core/Src/main.c:388:13:MX_ADC1_Init	48	static
../Core/Src/main.c:455:13:MX_DAC1_Init	48	static
../Core/Src/main.c:505:13:MX_IWDG_Init	8	static
../Core/Src/main.c:534:13:MX_TIM1_Init	112	static
../Core/Src/main.c:615:13:MX_TIM6_Init	24	static
../Core/Src/main.c:653:13:MX_UART4_Init	8	static
../Core/Src/main.c:688:13:MX_USART2_UART_Init	8	static
../Core/Src/main.c:721:13:MX_DMA_Init	16	static
../Core/Src/main.c:745:13:MX_GPIO_Init	48	static
../Core/Src/main.c:824:6:Error_Handler	8	static,ignoring_inline_asm
