../Core/Src/main.c:98:13:uart2_panic_print	2
../Core/Src/main.c:119:5:main	5
../Core/Src/main.c:376:6:SystemClock_Config	6
../Core/Src/main.c:450:13:MX_ADC1_Init	4
../Core/Src/main.c:517:13:MX_DAC1_Init	4
../Core/Src/main.c:567:13:MX_IWDG_Init	2
../Core/Src/main.c:596:13:MX_TIM1_Init	7
../Core/Src/main.c:677:13:MX_TIM6_Init	3
../Core/Src/main.c:715:13:MX_UART4_Init	2
../Core/Src/main.c:750:13:MX_USART2_UART_Init	2
../Core/Src/main.c:783:13:MX_DMA_Init	1
../Core/Src/main.c:813:13:MX_GPIO_Init	1
../Core/Src/main.c:892:6:Error_Handler	1
