../Core/Src/hl/hal_pwm.c:137:19:HAL_PWM_Init	8	static
../Core/Src/hl/hal_pwm.c:165:19:HAL_PWM_Start	8	static
../Core/Src/hl/hal_pwm.c:190:19:HAL_PWM_Stop	8	static
../Core/Src/hl/hal_pwm.c:216:19:HAL_PWM_SetDutyCycle	0	static
../Core/Src/hl/hal_pwm.c:244:19:HAL_PWM_SetFrequency	32	static
../Core/Src/hl/hal_pwm.c:263:9:HAL_PWM_GetDutyCycle	0	static
../Core/Src/hl/hal_pwm.c:272:10:HAL_PWM_GetFrequency	0	static
../Core/Src/hl/hal_pwm.c:281:6:HAL_PWM_IsRunning	0	static
../Core/Src/hl/hal_pwm.c:290:6:HAL_PWM_Pulse_Update	16	static
